Component: ARM Compiler 5.06 update 6 (build 750) Tool: armlink [4d35ed]

==============================================================================

Section Cross References

    main.o(i.main) refers to delay.o(i.delay_init) for delay_init
    main.o(i.main) refers to usart.o(i.uart_init) for uart_init
    main.o(i.main) refers to usmart.o(i.usmart_init) for usmart_init
    main.o(i.main) refers to bsp_lcd_ili9341.o(i.LCD_Init) for LCD_Init
    main.o(i.main) refers to bsp_lcd_ili9341.o(i.LCD_DrawRecFull) for LCD_DrawRecFull
    main.o(i.main) refers to bsp_lcd_ili9341.o(i.LCD_DrawLine) for LCD_DrawLine
    main.o(i.main) refers to bsp_lcd_ili9341.o(i.LCD_ShowChar_EN) for LCD_ShowChar_EN
    main.o(i.main) refers to bsp_lcd_ili9341.o(i.lCD_ShowStr_EN) for lCD_ShowStr_EN
    main.o(i.main) refers to bsp_lcd_ili9341.o(.data) for CurFont
    system_stm32f10x.o(i.SetSysClock) refers to system_stm32f10x.o(i.SetSysClockTo72) for SetSysClockTo72
    system_stm32f10x.o(i.SystemCoreClockUpdate) refers to system_stm32f10x.o(.data) for SystemCoreClock
    system_stm32f10x.o(i.SystemInit) refers to system_stm32f10x.o(i.SetSysClock) for SetSysClock
    startup_stm32f10x_hd.o(STACK) refers (Special) to heapauxi.o(.text) for __use_two_region_memory
    startup_stm32f10x_hd.o(HEAP) refers (Special) to heapauxi.o(.text) for __use_two_region_memory
    startup_stm32f10x_hd.o(RESET) refers (Special) to heapauxi.o(.text) for __use_two_region_memory
    startup_stm32f10x_hd.o(RESET) refers to startup_stm32f10x_hd.o(STACK) for __initial_sp
    startup_stm32f10x_hd.o(RESET) refers to startup_stm32f10x_hd.o(.text) for Reset_Handler
    startup_stm32f10x_hd.o(RESET) refers to stm32f10x_it.o(i.NMI_Handler) for NMI_Handler
    startup_stm32f10x_hd.o(RESET) refers to stm32f10x_it.o(i.HardFault_Handler) for HardFault_Handler
    startup_stm32f10x_hd.o(RESET) refers to stm32f10x_it.o(i.MemManage_Handler) for MemManage_Handler
    startup_stm32f10x_hd.o(RESET) refers to stm32f10x_it.o(i.BusFault_Handler) for BusFault_Handler
    startup_stm32f10x_hd.o(RESET) refers to stm32f10x_it.o(i.UsageFault_Handler) for UsageFault_Handler
    startup_stm32f10x_hd.o(RESET) refers to stm32f10x_it.o(i.SVC_Handler) for SVC_Handler
    startup_stm32f10x_hd.o(RESET) refers to stm32f10x_it.o(i.DebugMon_Handler) for DebugMon_Handler
    startup_stm32f10x_hd.o(RESET) refers to stm32f10x_it.o(i.PendSV_Handler) for PendSV_Handler
    startup_stm32f10x_hd.o(RESET) refers to stm32f10x_it.o(i.SysTick_Handler) for SysTick_Handler
    startup_stm32f10x_hd.o(RESET) refers to usmart.o(i.TIM4_IRQHandler) for TIM4_IRQHandler
    startup_stm32f10x_hd.o(RESET) refers to usart.o(i.USART1_IRQHandler) for USART1_IRQHandler
    startup_stm32f10x_hd.o(.text) refers (Special) to heapauxi.o(.text) for __use_two_region_memory
    startup_stm32f10x_hd.o(.text) refers to system_stm32f10x.o(i.SystemInit) for SystemInit
    startup_stm32f10x_hd.o(.text) refers to __main.o(!!!main) for __main
    startup_stm32f10x_hd.o(.text) refers to startup_stm32f10x_hd.o(HEAP) for Heap_Mem
    startup_stm32f10x_hd.o(.text) refers to startup_stm32f10x_hd.o(STACK) for Stack_Mem
    stm32f10x_adc.o(i.ADC_DeInit) refers to stm32f10x_rcc.o(i.RCC_APB2PeriphResetCmd) for RCC_APB2PeriphResetCmd
    stm32f10x_bkp.o(i.BKP_DeInit) refers to stm32f10x_rcc.o(i.RCC_BackupResetCmd) for RCC_BackupResetCmd
    stm32f10x_can.o(i.CAN_DeInit) refers to stm32f10x_rcc.o(i.RCC_APB1PeriphResetCmd) for RCC_APB1PeriphResetCmd
    stm32f10x_can.o(i.CAN_GetITStatus) refers to stm32f10x_can.o(i.CheckITStatus) for CheckITStatus
    stm32f10x_cec.o(i.CEC_DeInit) refers to stm32f10x_rcc.o(i.RCC_APB1PeriphResetCmd) for RCC_APB1PeriphResetCmd
    stm32f10x_dac.o(i.DAC_DeInit) refers to stm32f10x_rcc.o(i.RCC_APB1PeriphResetCmd) for RCC_APB1PeriphResetCmd
    stm32f10x_flash.o(i.FLASH_EnableWriteProtection) refers to stm32f10x_flash.o(i.FLASH_WaitForLastOperation) for FLASH_WaitForLastOperation
    stm32f10x_flash.o(i.FLASH_EraseAllBank1Pages) refers to stm32f10x_flash.o(i.FLASH_WaitForLastBank1Operation) for FLASH_WaitForLastBank1Operation
    stm32f10x_flash.o(i.FLASH_EraseAllPages) refers to stm32f10x_flash.o(i.FLASH_WaitForLastOperation) for FLASH_WaitForLastOperation
    stm32f10x_flash.o(i.FLASH_EraseOptionBytes) refers to stm32f10x_flash.o(i.FLASH_GetReadOutProtectionStatus) for FLASH_GetReadOutProtectionStatus
    stm32f10x_flash.o(i.FLASH_EraseOptionBytes) refers to stm32f10x_flash.o(i.FLASH_WaitForLastOperation) for FLASH_WaitForLastOperation
    stm32f10x_flash.o(i.FLASH_ErasePage) refers to stm32f10x_flash.o(i.FLASH_WaitForLastOperation) for FLASH_WaitForLastOperation
    stm32f10x_flash.o(i.FLASH_ProgramHalfWord) refers to stm32f10x_flash.o(i.FLASH_WaitForLastOperation) for FLASH_WaitForLastOperation
    stm32f10x_flash.o(i.FLASH_ProgramOptionByteData) refers to stm32f10x_flash.o(i.FLASH_WaitForLastOperation) for FLASH_WaitForLastOperation
[...]
    Removing stm32f10x_tim.o(i.TIM_GetPrescaler), (6 bytes).
    Removing stm32f10x_tim.o(i.TIM_ICInit), (172 bytes).
    Removing stm32f10x_tim.o(i.TIM_ICStructInit), (18 bytes).
    Removing stm32f10x_tim.o(i.TIM_ITRxExternalClockConfig), (24 bytes).
    Removing stm32f10x_tim.o(i.TIM_InternalClockConfig), (12 bytes).
    Removing stm32f10x_tim.o(i.TIM_OC1FastConfig), (18 bytes).
    Removing stm32f10x_tim.o(i.TIM_OC1Init), (152 bytes).
    Removing stm32f10x_tim.o(i.TIM_OC1NPolarityConfig), (18 bytes).
    Removing stm32f10x_tim.o(i.TIM_OC1PolarityConfig), (18 bytes).
    Removing stm32f10x_tim.o(i.TIM_OC1PreloadConfig), (18 bytes).
    Removing stm32f10x_tim.o(i.TIM_OC2FastConfig), (26 bytes).
    Removing stm32f10x_tim.o(i.TIM_OC2Init), (164 bytes).
    Removing stm32f10x_tim.o(i.TIM_OC2NPolarityConfig), (26 bytes).
    Removing stm32f10x_tim.o(i.TIM_OC2PolarityConfig), (26 bytes).
    Removing stm32f10x_tim.o(i.TIM_OC2PreloadConfig), (26 bytes).
    Removing stm32f10x_tim.o(i.TIM_OC3FastConfig), (18 bytes).
    Removing stm32f10x_tim.o(i.TIM_OC3Init), (160 bytes).
    Removing stm32f10x_tim.o(i.TIM_OC3NPolarityConfig), (26 bytes).
    Removing stm32f10x_tim.o(i.TIM_OC3PolarityConfig), (26 bytes).
    Removing stm32f10x_tim.o(i.TIM_OC3PreloadConfig), (18 bytes).
    Removing stm32f10x_tim.o(i.TIM_OC4FastConfig), (26 bytes).
    Removing stm32f10x_tim.o(i.TIM_OC4Init), (124 bytes).
    Removing stm32f10x_tim.o(i.TIM_OC4PolarityConfig), (26 bytes).
    Removing stm32f10x_tim.o(i.TIM_OC4PreloadConfig), (26 bytes).
    Removing stm32f10x_tim.o(i.TIM_OCStructInit), (20 bytes).
    Removing stm32f10x_tim.o(i.TIM_PWMIConfig), (124 bytes).
    Removing stm32f10x_tim.o(i.TIM_PrescalerConfig), (6 bytes).
    Removing stm32f10x_tim.o(i.TIM_SelectCCDMA), (24 bytes).
    Removing stm32f10x_tim.o(i.TIM_SelectCOM), (24 bytes).
    Removing stm32f10x_tim.o(i.TIM_SelectHallSensor), (24 bytes).
    Removing stm32f10x_tim.o(i.TIM_SelectInputTrigger), (18 bytes).
    Removing stm32f10x_tim.o(i.TIM_SelectMasterSlaveMode), (18 bytes).
    Removing stm32f10x_tim.o(i.TIM_SelectOCxM), (82 bytes).
    Removing stm32f10x_tim.o(i.TIM_SelectOnePulseMode), (18 bytes).
    Removing stm32f10x_tim.o(i.TIM_SelectOutputTrigger), (18 bytes).
    Removing stm32f10x_tim.o(i.TIM_SelectSlaveMode), (18 bytes).
    Removing stm32f10x_tim.o(i.TIM_SetClockDivision), (18 bytes).
    Removing stm32f10x_tim.o(i.TIM_SetCompare1), (4 bytes).
    Removing stm32f10x_tim.o(i.TIM_SetCompare2), (4 bytes).
    Removing stm32f10x_tim.o(i.TIM_SetCompare3), (4 bytes).
    Removing stm32f10x_tim.o(i.TIM_SetCompare4), (6 bytes).
    Removing stm32f10x_tim.o(i.TIM_SetIC1Prescaler), (18 bytes).
    Removing stm32f10x_tim.o(i.TIM_SetIC2Prescaler), (26 bytes).
    Removing stm32f10x_tim.o(i.TIM_SetIC3Prescaler), (18 bytes).
    Removing stm32f10x_tim.o(i.TIM_SetIC4Prescaler), (26 bytes).
    Removing stm32f10x_tim.o(i.TIM_TIxExternalClockConfig), (62 bytes).
    Removing stm32f10x_tim.o(i.TIM_TimeBaseStructInit), (18 bytes).
    Removing stm32f10x_tim.o(i.TIM_UpdateDisableConfig), (24 bytes).
    Removing stm32f10x_tim.o(i.TIM_UpdateRequestConfig), (24 bytes).
    Removing stm32f10x_usart.o(i.USART_ClearFlag), (18 bytes).
    Removing stm32f10x_usart.o(i.USART_ClearITPendingBit), (30 bytes).
    Removing stm32f10x_usart.o(i.USART_ClockInit), (34 bytes).
    Removing stm32f10x_usart.o(i.USART_ClockStructInit), (12 bytes).
    Removing stm32f10x_usart.o(i.USART_DMACmd), (18 bytes).
    Removing stm32f10x_usart.o(i.USART_DeInit), (156 bytes).
    Removing stm32f10x_usart.o(i.USART_GetFlagStatus), (26 bytes).
    Removing stm32f10x_usart.o(i.USART_HalfDuplexCmd), (24 bytes).
    Removing stm32f10x_usart.o(i.USART_IrDACmd), (24 bytes).
    Removing stm32f10x_usart.o(i.USART_IrDAConfig), (18 bytes).
    Removing stm32f10x_usart.o(i.USART_LINBreakDetectLengthConfig), (18 bytes).
    Removing stm32f10x_usart.o(i.USART_LINCmd), (24 bytes).
    Removing stm32f10x_usart.o(i.USART_OneBitMethodCmd), (24 bytes).
    Removing stm32f10x_usart.o(i.USART_OverSampling8Cmd), (22 bytes).
    Removing stm32f10x_usart.o(i.USART_ReceiverWakeUpCmd), (24 bytes).
    Removing stm32f10x_usart.o(i.USART_SendBreak), (10 bytes).
    Removing stm32f10x_usart.o(i.USART_SendData), (8 bytes).
    Removing stm32f10x_usart.o(i.USART_SetAddress), (18 bytes).
    Removing stm32f10x_usart.o(i.USART_SetGuardTime), (16 bytes).
    Removing stm32f10x_usart.o(i.USART_SetPrescaler), (16 bytes).
    Removing stm32f10x_usart.o(i.USART_SmartCardCmd), (24 bytes).
    Removing stm32f10x_usart.o(i.USART_SmartCardNACKCmd), (24 bytes).
    Removing stm32f10x_usart.o(i.USART_StructInit), (24 bytes).
    Removing stm32f10x_usart.o(i.USART_WakeUpConfig), (18 bytes).
    Removing stm32f10x_wwdg.o(i.WWDG_ClearFlag), (12 bytes).
    Removing stm32f10x_wwdg.o(i.WWDG_DeInit), (22 bytes).
    Removing stm32f10x_wwdg.o(i.WWDG_Enable), (16 bytes).
    Removing stm32f10x_wwdg.o(i.WWDG_EnableIT), (12 bytes).
    Removing stm32f10x_wwdg.o(i.WWDG_GetFlagStatus), (12 bytes).
    Removing stm32f10x_wwdg.o(i.WWDG_SetCounter), (16 bytes).
    Removing stm32f10x_wwdg.o(i.WWDG_SetPrescaler), (24 bytes).
    Removing stm32f10x_wwdg.o(i.WWDG_SetWindowValue), (40 bytes).
    Removing sys.o(.emb_text), (6 bytes).
    Removing sys.o(i.INTX_DISABLE), (4 bytes).
    Removing sys.o(i.INTX_ENABLE), (4 bytes).
    Removing sys.o(i.WFI_SET), (4 bytes).
    Removing delay.o(i.delay_us), (76 bytes).
    Removing bsp_lcd_ili9341.o(i.LCD_DrawRecEmpty), (128 bytes).
    Removing bsp_lcd_ili9341.o(i.LCD_GramSet), (80 bytes).
    Removing bsp_lcd_ili9341.o(i.LCD_ReadId), (46 bytes).
    Removing bsp_lcd_ili9341.o(i.LCD_ReadPixel), (24 bytes).
    Removing bsp_lcd_ili9341.o(i.LCD_Read), (12 bytes).

458 unused section(s) (total 18036 bytes) removed from the image.

==============================================================================

Image Symbol Table

    Local Symbols

    Symbol Name                              Value     Ov Type        Size  Object(Section)

    ../clib/angel/boardlib.s                 0x00000000   Number         0  boardshut.o ABSOLUTE
    ../clib/angel/boardlib.s                 0x00000000   Number         0  boardinit1.o ABSOLUTE
    ../clib/angel/boardlib.s                 0x00000000   Number         0  boardinit2.o ABSOLUTE
    ../clib/angel/boardlib.s                 0x00000000   Number         0  boardinit3.o ABSOLUTE
    ../clib/angel/dczerorl2.s                0x00000000   Number         0  __dczerorl2.o ABSOLUTE
    ../clib/angel/handlers.s                 0x00000000   Number         0  __scatter_zi.o ABSOLUTE
    ../clib/angel/kernel.s                   0x00000000   Number         0  rtexit.o ABSOLUTE
    ../clib/angel/kernel.s                   0x00000000   Number         0  rtexit2.o ABSOLUTE
    ../clib/angel/kernel.s                   0x00000000   Number         0  __rtentry.o ABSOLUTE
    ../clib/angel/kernel.s                   0x00000000   Number         0  __rtentry2.o ABSOLUTE
    ../clib/angel/kernel.s                   0x00000000   Number         0  __rtentry4.o ABSOLUTE
    ../clib/angel/rt.s                       0x00000000   Number         0  rt_raise.o ABSOLUTE
    ../clib/angel/scatter.s                  0x00000000   Number         0  __scatter.o ABSOLUTE
    ../clib/angel/startup.s                  0x00000000   Number         0  __main.o ABSOLUTE
    ../clib/angel/sys.s                      0x00000000   Number         0  libspace.o ABSOLUTE
    ../clib/angel/sys.s                      0x00000000   Number         0  use_no_semi.o ABSOLUTE
    ../clib/angel/sys.s                      0x00000000   Number         0  sys_stackheap_outer.o ABSOLUTE
    ../clib/angel/sys.s                      0x00000000   Number         0  indicate_semi.o ABSOLUTE
    ../clib/angel/sys.s                      0x00000000   Number         0  use_no_semi_2.o ABSOLUTE
    ../clib/angel/sysapp.c                   0x00000000   Number         0  sys_wrch.o ABSOLUTE
    ../clib/angel/sysapp.c                   0x00000000   Number         0  sys_command.o ABSOLUTE
    ../clib/armsys.c                         0x00000000   Number         0  argv_veneer.o ABSOLUTE
    ../clib/armsys.c                         0x00000000   Number         0  argv_veneer.o ABSOLUTE
    ../clib/armsys.c                         0x00000000   Number         0  _get_argv_nomalloc.o ABSOLUTE
    ../clib/armsys.c                         0x00000000   Number         0  no_argv.o ABSOLUTE
    ../clib/heapalloc.c                      0x00000000   Number         0  hrguard.o ABSOLUTE
    ../clib/heapaux.c                        0x00000000   Number         0  heapauxi.o ABSOLUTE
    ../clib/libinit.s                        0x00000000   Number         0  libinit.o ABSOLUTE
    ../clib/libinit.s                        0x00000000   Number         0  libinit2.o ABSOLUTE
    ../clib/libinit.s                        0x00000000   Number         0  libshutdown.o ABSOLUTE
    ../clib/libinit.s                        0x00000000   Number         0  libshutdown2.o ABSOLUTE
    ../clib/misc.s                           0x00000000   Number         0  printf_stubs.o ABSOLUTE
    ../clib/printf.c                         0x00000000   Number         0  __printf_flags_wp.o ABSOLUTE
    ../clib/printf.c                         0x00000000   Number         0  __printf.o ABSOLUTE
    ../clib/printf.c                         0x00000000   Number         0  _printf_pad.o ABSOLUTE
    ../clib/printf.c                         0x00000000   Number         0  __printf_nopercent.o ABSOLUTE
    ../clib/printf.c                         0x00000000   Number         0  _printf_char_common.o ABSOLUTE
    ../clib/printf.c                         0x00000000   Number         0  _printf_char_file.o ABSOLUTE
    ../clib/printf.c                         0x00000000   Number         0  _printf_char.o ABSOLUTE
    ../clib/printf.c                         0x00000000   Number         0  _printf_intcommon.o ABSOLUTE
    ../clib/printf.c                         0x00000000   Number         0  __printf_flags_ss_wp.o ABSOLUTE
    ../clib/printf.c                         0x00000000   Number         0  __printf_ss_wp.o ABSOLUTE
    ../clib/printf.c                         0x00000000   Number         0  _printf_hex_ll.o ABSOLUTE
    ../clib/printf.c                         0x00000000   Number         0  __printf_wp.o ABSOLUTE
    ../clib/printf.c                         0x00000000   Number         0  __printf_flags_ss.o ABSOLUTE
    ../clib/printf.c                         0x00000000   Number         0  __printf_ss.o ABSOLUTE
    ../clib/printf.c                         0x00000000   Number         0  __printf_flags.o ABSOLUTE
    ../clib/printf.c                         0x00000000   Number         0  _printf_hex_int_ll_ptr.o ABSOLUTE
    ../clib/printf.c                         0x00000000   Number         0  _printf_hex_ll_ptr.o ABSOLUTE
    ../clib/printf.c                         0x00000000   Number         0  _printf_hex_int_ptr.o ABSOLUTE
    ../clib/printf.c                         0x00000000   Number         0  _printf_hex_ptr.o ABSOLUTE
    ../clib/printf.c                         0x00000000   Number         0  _printf_hex_int_ll.o ABSOLUTE
    ../clib/printf.c                         0x00000000   Number         0  _printf_hex_int.o ABSOLUTE
    ../clib/printf.c                         0x00000000   Number         0  _printf_dec.o ABSOLUTE
    ../clib/printf.c                         0x00000000   Number         0  __2printf.o ABSOLUTE
    ../clib/printf.c                         0x00000000   Number         0  noretval__2printf.o ABSOLUTE
    ../clib/printf.c                         0x00000000   Number         0  _printf_str.o ABSOLUTE
    ../clib/printf_percent.s                 0x00000000   Number         0  _printf_percent.o ABSOLUTE
    ../clib/printf_percent.s                 0x00000000   Number         0  _printf_u.o ABSOLUTE
    ../clib/printf_percent.s                 0x00000000   Number         0  _printf_d.o ABSOLUTE
    ../clib/printf_percent.s                 0x00000000   Number         0  _printf_x.o ABSOLUTE
    ../clib/printf_percent.s                 0x00000000   Number         0  _printf_s.o ABSOLUTE
    ../clib/printf_percent.s                 0x00000000   Number         0  _printf_percent_end.o ABSOLUTE
    ../clib/printf_percent.s                 0x00000000   Number         0  _printf_c.o ABSOLUTE
    ../clib/signal.c                         0x00000000   Number         0  defsig_rtmem_inner.o ABSOLUTE
    ../clib/signal.c                         0x00000000   Number         0  defsig_pvfn_inner.o ABSOLUTE
    ../clib/signal.c                         0x00000000   Number         0  defsig_stak_inner.o ABSOLUTE
    ../clib/signal.c                         0x00000000   Number         0  defsig_rtred_inner.o ABSOLUTE
    ../clib/signal.c                         0x00000000   Number         0  defsig_fpe_inner.o ABSOLUTE
    ../clib/signal.c                         0x00000000   Number         0  defsig_abrt_inner.o ABSOLUTE
    ../clib/signal.c                         0x00000000   Number         0  defsig_rtmem_outer.o ABSOLUTE
    ../clib/signal.c                         0x00000000   Number         0  defsig_segv_inner.o ABSOLUTE
    ../clib/signal.c                         0x00000000   Number         0  defsig_general.o ABSOLUTE
    ../clib/signal.c                         0x00000000   Number         0  __raise.o ABSOLUTE
    ../clib/signal.c                         0x00000000   Number         0  defsig_rtmem_formal.o ABSOLUTE
    ../clib/signal.c                         0x00000000   Number         0  defsig_cppl_inner.o ABSOLUTE
    ../clib/signal.c                         0x00000000   Number         0  defsig_exit.o ABSOLUTE
    ../clib/signal.c                         0x00000000   Number         0  defsig_other.o ABSOLUTE
    ../clib/signal.s                         0x00000000   Number         0  defsig.o ABSOLUTE
    ../clib/stdio.c                          0x00000000   Number         0  ferror_locked.o ABSOLUTE
    ../clib/stdio.c                          0x00000000   Number         0  ferror.o ABSOLUTE
    ../clib/stdlib.c                         0x00000000   Number         0  exit.o ABSOLUTE
    ../fplib/fpinit.s                        0x00000000   Number         0  fpinit.o ABSOLUTE
    ..\CORE\core_cm3.c                       0x00000000   Number         0  core_cm3.o ABSOLUTE
    ..\CORE\startup\arm\startup_stm32f10x_hd.s 0x00000000   Number         0  startup_stm32f10x_hd.o ABSOLUTE
    ..\FWFib\src\misc.c                      0x00000000   Number         0  misc.o ABSOLUTE
    ..\FWFib\src\stm32f10x_adc.c             0x00000000   Number         0  stm32f10x_adc.o ABSOLUTE
    ..\FWFib\src\stm32f10x_bkp.c             0x00000000   Number         0  stm32f10x_bkp.o ABSOLUTE
    ..\FWFib\src\stm32f10x_can.c             0x00000000   Number         0  stm32f10x_can.o ABSOLUTE
    ..\FWFib\src\stm32f10x_cec.c             0x00000000   Number         0  stm32f10x_cec.o ABSOLUTE
    ..\FWFib\src\stm32f10x_crc.c             0x00000000   Number         0  stm32f10x_crc.o ABSOLUTE
    ..\FWFib\src\stm32f10x_dac.c             0x00000000   Number         0  stm32f10x_dac.o ABSOLUTE
    ..\FWFib\src\stm32f10x_dbgmcu.c          0x00000000   Number         0  stm32f10x_dbgmcu.o ABSOLUTE
    ..\FWFib\src\stm32f10x_dma.c             0x00000000   Number         0  stm32f10x_dma.o ABSOLUTE
    ..\FWFib\src\stm32f10x_exti.c            0x00000000   Number         0  stm32f10x_exti.o ABSOLUTE
    ..\FWFib\src\stm32f10x_flash.c           0x00000000   Number         0  stm32f10x_flash.o ABSOLUTE
    ..\FWFib\src\stm32f10x_fsmc.c            0x00000000   Number         0  stm32f10x_fsmc.o ABSOLUTE
    ..\FWFib\src\stm32f10x_gpio.c            0x00000000   Number         0  stm32f10x_gpio.o ABSOLUTE
    ..\FWFib\src\stm32f10x_i2c.c             0x00000000   Number         0  stm32f10x_i2c.o ABSOLUTE
    ..\FWFib\src\stm32f10x_iwdg.c            0x00000000   Number         0  stm32f10x_iwdg.o ABSOLUTE
    ..\FWFib\src\stm32f10x_pwr.c             0x00000000   Number         0  stm32f10x_pwr.o ABSOLUTE
    ..\FWFib\src\stm32f10x_rcc.c             0x00000000   Number         0  stm32f10x_rcc.o ABSOLUTE
    ..\FWFib\src\stm32f10x_rtc.c             0x00000000   Number         0  stm32f10x_rtc.o ABSOLUTE
    ..\FWFib\src\stm32f10x_sdio.c            0x00000000   Number         0  stm32f10x_sdio.o ABSOLUTE
    ..\FWFib\src\stm32f10x_spi.c             0x00000000   Number         0  stm32f10x_spi.o ABSOLUTE
    ..\FWFib\src\stm32f10x_tim.c             0x00000000   Number         0  stm32f10x_tim.o ABSOLUTE
    ..\FWFib\src\stm32f10x_usart.c           0x00000000   Number         0  stm32f10x_usart.o ABSOLUTE
    ..\FWFib\src\stm32f10x_wwdg.c            0x00000000   Number         0  stm32f10x_wwdg.o ABSOLUTE
    ..\HARDWARE\Fonts\Fonts.c                0x00000000   Number         0  fonts.o ABSOLUTE
    ..\HARDWARE\TFLCD_ILI9341\bsp_lcd_ili9341.c 0x00000000   Number         0  bsp_lcd_ili9341.o ABSOLUTE
    ..\SYSTEM\delay\delay.c                  0x00000000   Number         0  delay.o ABSOLUTE
    ..\SYSTEM\sys\sys.c                      0x00000000   Number         0  sys.o ABSOLUTE
    ..\SYSTEM\usart\usart.c                  0x00000000   Number         0  usart.o ABSOLUTE
    ..\USMART\usmart.c                       0x00000000   Number         0  usmart.o ABSOLUTE
    ..\USMART\usmart_config.c                0x00000000   Number         0  usmart_config.o ABSOLUTE
    ..\USMART\usmart_str.c                   0x00000000   Number         0  usmart_str.o ABSOLUTE
    ..\\CORE\\core_cm3.c                     0x00000000   Number         0  core_cm3.o ABSOLUTE
    ..\\SYSTEM\\sys\\sys.c                   0x00000000   Number         0  sys.o ABSOLUTE
    dc.s                                     0x00000000   Number         0  dc.o ABSOLUTE
    main.c                                   0x00000000   Number         0  main.o ABSOLUTE
    stm32f10x_it.c                           0x00000000   Number         0  stm32f10x_it.o ABSOLUTE
    system_stm32f10x.c                       0x00000000   Number         0  system_stm32f10x.o ABSOLUTE
    RESET                                    0x08000000   Section      304  startup_stm32f10x_hd.o(RESET)
    !!!main                                  0x08000130   Section        8  __main.o(!!!main)
    !!!scatter                               0x08000138   Section       52  __scatter.o(!!!scatter)
    !!dczerorl2                              0x0800016c   Section       90  __dczerorl2.o(!!dczerorl2)
    !!handler_zi                             0x080001c8   Section       28  __scatter_zi.o(!!handler_zi)
    .ARM.Collect$$_printf_percent$$00000000  0x080001e4   Section        0  _printf_percent.o(.ARM.Collect$$_printf_percent$$00000000)
    .ARM.Collect$$_printf_percent$$00000009  0x080001e4   Section        6  _printf_d.o(.ARM.Collect$$_printf_percent$$00000009)
    .ARM.Collect$$_printf_percent$$0000000A  0x080001ea   Section        6  _printf_u.o(.ARM.Collect$$_printf_percent$$0000000A)
    .ARM.Collect$$_printf_percent$$0000000C  0x080001f0   Section        6  _printf_x.o(.ARM.Collect$$_printf_percent$$0000000C)
    .ARM.Collect$$_printf_percent$$00000013  0x080001f6   Section        6  _printf_c.o(.ARM.Collect$$_printf_percent$$00000013)
    .ARM.Collect$$_printf_percent$$00000014  0x080001fc   Section        6  _printf_s.o(.ARM.Collect$$_printf_percent$$00000014)
    .ARM.Collect$$_printf_percent$$00000017  0x08000202   Section        4  _printf_percent_end.o(.ARM.Collect$$_printf_percent$$00000017)
    .ARM.Collect$$libinit$$00000000          0x08000206   Section        2  libinit.o(.ARM.Collect$$libinit$$00000000)
    .ARM.Collect$$libinit$$00000002          0x08000208   Section        0  libinit2.o(.ARM.Collect$$libinit$$00000002)
    .ARM.Collect$$libinit$$00000004          0x08000208   Section        0  libinit2.o(.ARM.Collect$$libinit$$00000004)
    .ARM.Collect$$libinit$$0000000A          0x08000208   Section        0  libinit2.o(.ARM.Collect$$libinit$$0000000A)
    .ARM.Collect$$libinit$$0000000C          0x08000208   Section        0  libinit2.o(.ARM.Collect$$libinit$$0000000C)
    .ARM.Collect$$libinit$$0000000E          0x08000208   Section        0  libinit2.o(.ARM.Collect$$libinit$$0000000E)
    .ARM.Collect$$libinit$$00000011          0x08000208   Section        0  libinit2.o(.ARM.Collect$$libinit$$00000011)
    .ARM.Collect$$libinit$$00000013          0x08000208   Section        0  libinit2.o(.ARM.Collect$$libinit$$00000013)
    .ARM.Collect$$libinit$$00000015          0x08000208   Section        0  libinit2.o(.ARM.Collect$$libinit$$00000015)
    .ARM.Collect$$libinit$$00000017          0x08000208   Section        0  libinit2.o(.ARM.Collect$$libinit$$00000017)
    .ARM.Collect$$libinit$$00000019          0x08000208   Section        0  libinit2.o(.ARM.Collect$$libinit$$00000019)
    .ARM.Collect$$libinit$$0000001B          0x08000208   Section        0  libinit2.o(.ARM.Collect$$libinit$$0000001B)
    .ARM.Collect$$libinit$$0000001D          0x08000208   Section        0  libinit2.o(.ARM.Collect$$libinit$$0000001D)
    .ARM.Collect$$libinit$$0000001F          0x08000208   Section        0  libinit2.o(.ARM.Collect$$libinit$$0000001F)
    .ARM.Collect$$libinit$$00000021          0x08000208   Section        0  libinit2.o(.ARM.Collect$$libinit$$00000021)
    .ARM.Collect$$libinit$$00000023          0x08000208   Section        0  libinit2.o(.ARM.Collect$$libinit$$00000023)
    .ARM.Collect$$libinit$$00000025          0x08000208   Section        0  libinit2.o(.ARM.Collect$$libinit$$00000025)
    .ARM.Collect$$libinit$$0000002C          0x08000208   Section        0  libinit2.o(.ARM.Collect$$libinit$$0000002C)
    .ARM.Collect$$libinit$$0000002E          0x08000208   Section        0  libinit2.o(.ARM.Collect$$libinit$$0000002E)
    .ARM.Collect$$libinit$$00000030          0x08000208   Section        0  libinit2.o(.ARM.Collect$$libinit$$00000030)
    .ARM.Collect$$libinit$$00000032          0x08000208   Section        0  libinit2.o(.ARM.Collect$$libinit$$00000032)
    .ARM.Collect$$libinit$$00000033          0x08000208   Section        2  libinit2.o(.ARM.Collect$$libinit$$00000033)
    .ARM.Collect$$libshutdown$$00000000      0x0800020a   Section        2  libshutdown.o(.ARM.Collect$$libshutdown$$00000000)
    .ARM.Collect$$libshutdown$$00000002      0x0800020c   Section        0  libshutdown2.o(.ARM.Collect$$libshutdown$$00000002)
    .ARM.Collect$$libshutdown$$00000004      0x0800020c   Section        0  libshutdown2.o(.ARM.Collect$$libshutdown$$00000004)
    .ARM.Collect$$libshutdown$$00000007      0x0800020c   Section        0  libshutdown2.o(.ARM.Collect$$libshutdown$$00000007)
    .ARM.Collect$$libshutdown$$0000000A      0x0800020c   Section        0  libshutdown2.o(.ARM.Collect$$libshutdown$$0000000A)
    .ARM.Collect$$libshutdown$$0000000C      0x0800020c   Section        0  libshutdown2.o(.ARM.Collect$$libshutdown$$0000000C)
    .ARM.Collect$$libshutdown$$0000000F      0x0800020c   Section        0  libshutdown2.o(.ARM.Collect$$libshutdown$$0000000F)
    .ARM.Collect$$libshutdown$$00000010      0x0800020c   Section        2  libshutdown2.o(.ARM.Collect$$libshutdown$$00000010)
    .ARM.Collect$$rtentry$$00000000          0x0800020e   Section        0  __rtentry.o(.ARM.Collect$$rtentry$$00000000)
    .ARM.Collect$$rtentry$$00000002          0x0800020e   Section        0  __rtentry2.o(.ARM.Collect$$rtentry$$00000002)
    .ARM.Collect$$rtentry$$00000004          0x0800020e   Section        6  __rtentry4.o(.ARM.Collect$$rtentry$$00000004)
    .ARM.Collect$$rtentry$$00000009          0x08000214   Section        0  __rtentry2.o(.ARM.Collect$$rtentry$$00000009)
    .ARM.Collect$$rtentry$$0000000A          0x08000214   Section        4  __rtentry2.o(.ARM.Collect$$rtentry$$0000000A)
    .ARM.Collect$$rtentry$$0000000C          0x08000218   Section        0  __rtentry2.o(.ARM.Collect$$rtentry$$0000000C)
    .ARM.Collect$$rtentry$$0000000D          0x08000218   Section        8  __rtentry2.o(.ARM.Collect$$rtentry$$0000000D)
    .ARM.Collect$$rtexit$$00000000           0x08000220   Section        2  rtexit.o(.ARM.Collect$$rtexit$$00000000)
    .ARM.Collect$$rtexit$$00000002           0x08000222   Section        0  rtexit2.o(.ARM.Collect$$rtexit$$00000002)
    .ARM.Collect$$rtexit$$00000003           0x08000222   Section        4  rtexit2.o(.ARM.Collect$$rtexit$$00000003)
    .ARM.Collect$$rtexit$$00000004           0x08000226   Section        6  rtexit2.o(.ARM.Collect$$rtexit$$00000004)
    .text                                    0x0800022c   Section       64  startup_stm32f10x_hd.o(.text)
    .text                                    0x0800026c   Section        2  use_no_semi_2.o(.text)
    .text                                    0x08000270   Section        0  noretval__2printf.o(.text)
    .text                                    0x08000288   Section        0  _printf_pad.o(.text)
    .text                                    0x080002d6   Section        0  _printf_str.o(.text)
    .text                                    0x08000328   Section        0  _printf_dec.o(.text)
    .text                                    0x080003a0   Section        0  _printf_hex_int.o(.text)
    .text                                    0x080003f8   Section        0  __printf_flags_ss_wp.o(.text)
    .text                                    0x08000580   Section        0  heapauxi.o(.text)
    .text                                    0x08000586   Section        2  use_no_semi.o(.text)
    .text                                    0x08000588   Section        0  _printf_intcommon.o(.text)
    .text                                    0x0800063a   Section        0  _printf_char.o(.text)
    .text                                    0x08000668   Section        0  _printf_char_file.o(.text)
    .text                                    0x0800068c   Section        0  _printf_char_common.o(.text)
    _printf_input_char                       0x0800068d   Thumb Code    10  _printf_char_common.o(.text)
    .text                                    0x080006bc   Section        0  ferror.o(.text)
    .text                                    0x080006c4   Section       74  sys_stackheap_outer.o(.text)
    .text                                    0x0800070e   Section        0  exit.o(.text)
    .text                                    0x08000720   Section        8  libspace.o(.text)
    i.BusFault_Handler                       0x08000728   Section        0  stm32f10x_it.o(i.BusFault_Handler)
    i.DebugMon_Handler                       0x0800072c   Section        0  stm32f10x_it.o(i.DebugMon_Handler)
    i.DrawPoint                              0x0800072e   Section        0  bsp_lcd_ili9341.o(i.DrawPoint)
    i.FSMC_Config                            0x0800074c   Section        0  bsp_lcd_ili9341.o(i.FSMC_Config)
    i.FSMC_NORSRAMCmd                        0x080007d0   Section        0  stm32f10x_fsmc.o(i.FSMC_NORSRAMCmd)
    i.FSMC_NORSRAMInit                       0x08000804   Section        0  stm32f10x_fsmc.o(i.FSMC_NORSRAMInit)
    i.GPIO_Config                            0x080008ec   Section        0  bsp_lcd_ili9341.o(i.GPIO_Config)
    i.GPIO_Init                              0x08000a64   Section        0  stm32f10x_gpio.o(i.GPIO_Init)
    i.GPIO_ResetBits                         0x08000b7a   Section        0  stm32f10x_gpio.o(i.GPIO_ResetBits)
    i.GPIO_SetBits                           0x08000b7e   Section        0  stm32f10x_gpio.o(i.GPIO_SetBits)
    i.HardFault_Handler                      0x08000b82   Section        0  stm32f10x_it.o(i.HardFault_Handler)
    i.LCD_BL                                 0x08000b88   Section        0  bsp_lcd_ili9341.o(i.LCD_BL)
    i.LCD_Config                             0x08000ba8   Section        0  bsp_lcd_ili9341.o(i.LCD_Config)
    i.LCD_DrawLine                           0x08000d50   Section        0  bsp_lcd_ili9341.o(i.LCD_DrawLine)
    i.LCD_DrawRecFull                        0x08000e06   Section        0  bsp_lcd_ili9341.o(i.LCD_DrawRecFull)
    i.LCD_Init                               0x08000e40   Section        0  bsp_lcd_ili9341.o(i.LCD_Init)
    i.LCD_OpenWindow                         0x08000e6c   Section        0  bsp_lcd_ili9341.o(i.LCD_OpenWindow)
    i.LCD_SetCursor                          0x08000ecc   Section        0  bsp_lcd_ili9341.o(i.LCD_SetCursor)
    i.LCD_ShowChar_EN                        0x08000ef8   Section        0  bsp_lcd_ili9341.o(i.LCD_ShowChar_EN)
    i.LCD_WriteCmd                           0x08000f84   Section        0  bsp_lcd_ili9341.o(i.LCD_WriteCmd)
    i.LCD_WriteData                          0x08000f8c   Section        0  bsp_lcd_ili9341.o(i.LCD_WriteData)
    i.MemManage_Handler                      0x08000f98   Section        0  stm32f10x_it.o(i.MemManage_Handler)
    i.NMI_Handler                            0x08000f9c   Section        0  stm32f10x_it.o(i.NMI_Handler)
    i.NVIC_Init                              0x08000fa0   Section        0  misc.o(i.NVIC_Init)
    i.PendSV_Handler                         0x08001010   Section        0  stm32f10x_it.o(i.PendSV_Handler)
    i.RCC_AHBPeriphClockCmd                  0x08001014   Section        0  stm32f10x_rcc.o(i.RCC_AHBPeriphClockCmd)
    i.RCC_APB1PeriphClockCmd                 0x08001034   Section        0  stm32f10x_rcc.o(i.RCC_APB1PeriphClockCmd)
    i.RCC_APB2PeriphClockCmd                 0x08001054   Section        0  stm32f10x_rcc.o(i.RCC_APB2PeriphClockCmd)
    i.RCC_GetClocksFreq                      0x08001074   Section        0  stm32f10x_rcc.o(i.RCC_GetClocksFreq)
    i.SVC_Handler                            0x08001148   Section        0  stm32f10x_it.o(i.SVC_Handler)
    i.SetSysClock                            0x0800114a   Section        0  system_stm32f10x.o(i.SetSysClock)
    SetSysClock                              0x0800114b   Thumb Code     8  system_stm32f10x.o(i.SetSysClock)
    i.SetSysClockTo72                        0x08001154   Section        0  system_stm32f10x.o(i.SetSysClockTo72)
    SetSysClockTo72                          0x08001155   Thumb Code   214  system_stm32f10x.o(i.SetSysClockTo72)
    i.SysTick_CLKSourceConfig                0x08001234   Section        0  misc.o(i.SysTick_CLKSourceConfig)
    i.SysTick_Handler                        0x0800125c   Section        0  stm32f10x_it.o(i.SysTick_Handler)
    i.SystemInit                             0x08001260   Section        0  system_stm32f10x.o(i.SystemInit)
    i.TIM4_IRQHandler                        0x080012c0   Section        0  usmart.o(i.TIM4_IRQHandler)
    i.TIM_ClearFlag                          0x080012f8   Section        0  stm32f10x_tim.o(i.TIM_ClearFlag)
    i.TIM_ClearITPendingBit                  0x080012fe   Section        0  stm32f10x_tim.o(i.TIM_ClearITPendingBit)
    i.TIM_Cmd                                0x08001304   Section        0  stm32f10x_tim.o(i.TIM_Cmd)
    i.TIM_GetCounter                         0x0800131c   Section        0  stm32f10x_tim.o(i.TIM_GetCounter)
    i.TIM_GetFlagStatus                      0x08001322   Section        0  stm32f10x_tim.o(i.TIM_GetFlagStatus)
    i.TIM_GetITStatus                        0x08001334   Section        0  stm32f10x_tim.o(i.TIM_GetITStatus)
    i.TIM_ITConfig                           0x08001356   Section        0  stm32f10x_tim.o(i.TIM_ITConfig)
    i.TIM_SetAutoreload                      0x08001368   Section        0  stm32f10x_tim.o(i.TIM_SetAutoreload)
    i.TIM_SetCounter                         0x0800136c   Section        0  stm32f10x_tim.o(i.TIM_SetCounter)
    i.TIM_TimeBaseInit                       0x08001370   Section        0  stm32f10x_tim.o(i.TIM_TimeBaseInit)
    i.Timer4_Init                            0x08001414   Section        0  usmart.o(i.Timer4_Init)
    i.USART1_IRQHandler                      0x08001470   Section        0  usart.o(i.USART1_IRQHandler)
    i.USART_Cmd                              0x080014f8   Section        0  stm32f10x_usart.o(i.USART_Cmd)
    i.USART_GetITStatus                      0x08001510   Section        0  stm32f10x_usart.o(i.USART_GetITStatus)
    i.USART_ITConfig                         0x08001564   Section        0  stm32f10x_usart.o(i.USART_ITConfig)
    i.USART_Init                             0x080015b0   Section        0  stm32f10x_usart.o(i.USART_Init)
    i.USART_ReceiveData                      0x08001688   Section        0  stm32f10x_usart.o(i.USART_ReceiveData)
    i.UsageFault_Handler                     0x08001692   Section        0  stm32f10x_it.o(i.UsageFault_Handler)
    i._is_digit                              0x08001696   Section        0  __printf_wp.o(i._is_digit)
    i._sys_exit                              0x080016a4   Section        0  usart.o(i._sys_exit)
    i.delay_init                             0x080016a8   Section        0  delay.o(i.delay_init)
    i.delay_ms                               0x080016ec   Section        0  delay.o(i.delay_ms)
    i.fputc                                  0x08001738   Section        0  usart.o(i.fputc)
    i.lCD_ShowStr_EN                         0x08001754   Section        0  bsp_lcd_ili9341.o(i.lCD_ShowStr_EN)
    i.main                                   0x080017b4   Section        0  main.o(i.main)
    i.read_addr                              0x08001880   Section        0  usmart.o(i.read_addr)
    i.uart_init                              0x08001888   Section        0  usart.o(i.uart_init)
    i.usmart_cmd_rec                         0x08001928   Section        0  usmart.o(i.usmart_cmd_rec)
    i.usmart_exe                             0x080019d8   Section        0  usmart.o(i.usmart_exe)
    i.usmart_get_aparm                       0x08001cac   Section        0  usmart_str.o(i.usmart_get_aparm)
    i.usmart_get_cmdname                     0x08001d74   Section        0  usmart_str.o(i.usmart_get_cmdname)
    i.usmart_get_fname                       0x08001dac   Section        0  usmart_str.o(i.usmart_get_fname)
    i.usmart_get_fparam                      0x08001f6c   Section        0  usmart_str.o(i.usmart_get_fparam)
    i.usmart_get_parmpos                     0x08002078   Section        0  usmart_str.o(i.usmart_get_parmpos)
    i.usmart_get_runtime                     0x08002098   Section        0  usmart.o(i.usmart_get_runtime)
    i.usmart_init                            0x080020dc   Section        0  usmart.o(i.usmart_init)
    i.usmart_pow                             0x08002104   Section        0  usmart_str.o(i.usmart_pow)
    i.usmart_reset_runtime                   0x0800211c   Section        0  usmart.o(i.usmart_reset_runtime)
    i.usmart_scan                            0x0800214c   Section        0  usmart.o(i.usmart_scan)
    i.usmart_search_nextc                    0x08002208   Section        0  usmart_str.o(i.usmart_search_nextc)
    i.usmart_str2num                         0x0800221e   Section        0  usmart_str.o(i.usmart_str2num)
    i.usmart_strcmp                          0x080022e8   Section        0  usmart_str.o(i.usmart_strcmp)
    i.usmart_strcopy                         0x0800230a   Section        0  usmart_str.o(i.usmart_strcopy)
    i.usmart_strlen                          0x08002320   Section        0  usmart_str.o(i.usmart_strlen)
    i.usmart_sys_cmd_exe                     0x08002338   Section        0  usmart.o(i.usmart_sys_cmd_exe)
    i.write_addr                             0x08002a1c   Section        0  usmart.o(i.write_addr)
    .constdata                               0x08002a20   Section     1520  fonts.o(.constdata)
    .constdata                               0x08003010   Section       40  _printf_hex_int.o(.constdata)
    uc_hextab                                0x08003010   Data          20  _printf_hex_int.o(.constdata)
    lc_hextab                                0x08003024   Data          20  _printf_hex_int.o(.constdata)
    .constdata                               0x08003038   Section       17  __printf_flags_ss_wp.o(.constdata)
    maptable                                 0x08003038   Data          17  __printf_flags_ss_wp.o(.constdata)
    .conststring                             0x0800304c   Section      120  usmart_config.o(.conststring)
    .conststring                             0x080030c4   Section       40  usmart.o(.conststring)
    .data                                    0x20000000   Section       20  system_stm32f10x.o(.data)
    .data                                    0x20000014   Section       20  stm32f10x_rcc.o(.data)
    APBAHBPrescTable                         0x20000014   Data          16  stm32f10x_rcc.o(.data)
    ADCPrescTable                            0x20000024   Data           4  stm32f10x_rcc.o(.data)
    .data                                    0x20000028   Section        6  usart.o(.data)
    .data                                    0x2000002e   Section        4  delay.o(.data)
    fac_us                                   0x2000002e   Data           1  delay.o(.data)
    fac_ms                                   0x20000030   Data           2  delay.o(.data)
    .data                                    0x20000034   Section       12  bsp_lcd_ili9341.o(.data)
    .data                                    0x20000040   Section        8  fonts.o(.data)
    .data                                    0x20000048   Section      268  usmart_config.o(.data)
    .data                                    0x20000154   Section       28  usmart.o(.data)
    .bss                                     0x20000170   Section      200  usart.o(.bss)
    .bss                                     0x20000238   Section       96  libspace.o(.bss)
    HEAP                                     0x20000298   Section      512  startup_stm32f10x_hd.o(HEAP)
    Heap_Mem                                 0x20000298   Data         512  startup_stm32f10x_hd.o(HEAP)
    STACK                                    0x20000498   Section     1024  startup_stm32f10x_hd.o(STACK)
    Stack_Mem                                0x20000498   Data        1024  startup_stm32f10x_hd.o(STACK)
    __initial_sp                             0x20000898   Data           0  startup_stm32f10x_hd.o(STACK)

    Global Symbols

    Symbol Name                              Value     Ov Type        Size  Object(Section)

    BuildAttributes$$THM_ISAv4$P$D$K$B$S$PE$A:L22UL41UL21$X:L11$S22US41US21$IEEE1$IW$USESV6$~STKCKD$USESV7$~SHL$OSPACE$ROPI$EBA8$UX$STANDARDLIB$REQ8$PRES8$EABIv2 0x00000000   Number         0  anon$$obj.o ABSOLUTE
    __ARM_use_no_argv                        0x00000000   Number         0  main.o ABSOLUTE
    _printf_flags                            0x00000000   Number         0  printf_stubs.o ABSOLUTE
    _printf_return_value                     0x00000000   Number         0  printf_stubs.o ABSOLUTE
    _printf_sizespec                         0x00000000   Number         0  printf_stubs.o ABSOLUTE
    _printf_widthprec                        0x00000000   Number         0  printf_stubs.o ABSOLUTE
    __ARM_exceptions_init                     - Undefined Weak Reference
    __alloca_initialize                       - Undefined Weak Reference
    __arm_preinit_                            - Undefined Weak Reference
    __cpp_initialize__aeabi_                  - Undefined Weak Reference
    __cxa_finalize                            - Undefined Weak Reference
    __rt_locale                               - Undefined Weak Reference
    __sigvec_lookup                           - Undefined Weak Reference
    _atexit_init                              - Undefined Weak Reference
    _call_atexit_fns                          - Undefined Weak Reference
    _clock_init                               - Undefined Weak Reference
    _fp_trap_init                             - Undefined Weak Reference
    _fp_trap_shutdown                         - Undefined Weak Reference
    _get_lc_collate                           - Undefined Weak Reference
    _get_lc_ctype                             - Undefined Weak Reference
    _get_lc_monetary                          - Undefined Weak Reference
    _get_lc_numeric                           - Undefined Weak Reference
    _get_lc_time                              - Undefined Weak Reference
    _getenv_init                              - Undefined Weak Reference
    _handle_redirection                       - Undefined Weak Reference
    _init_alloc                               - Undefined Weak Reference
    _init_user_alloc                          - Undefined Weak Reference
    _initio                                   - Undefined Weak Reference
    _mutex_acquire                            - Undefined Weak Reference
    _mutex_release                            - Undefined Weak Reference
    _printf_mbtowc                            - Undefined Weak Reference
    _printf_truncate_signed                   - Undefined Weak Reference
    _printf_truncate_unsigned                 - Undefined Weak Reference
    _rand_init                                - Undefined Weak Reference
    _signal_finish                            - Undefined Weak Reference
    _signal_init                              - Undefined Weak Reference
    _terminate_alloc                          - Undefined Weak Reference
    _terminate_user_alloc                     - Undefined Weak Reference
    _terminateio                              - Undefined Weak Reference
    __Vectors_Size                           0x00000130   Number         0  startup_stm32f10x_hd.o ABSOLUTE
    __Vectors                                0x08000000   Data           4  startup_stm32f10x_hd.o(RESET)
    __Vectors_End                            0x08000130   Data           0  startup_stm32f10x_hd.o(RESET)
    __main                                   0x08000131   Thumb Code     8  __main.o(!!!main)
    __scatterload                            0x08000139   Thumb Code     0  __scatter.o(!!!scatter)
    __scatterload_rt2                        0x08000139   Thumb Code    44  __scatter.o(!!!scatter)
    __scatterload_rt2_thumb_only             0x08000139   Thumb Code     0  __scatter.o(!!!scatter)
    __scatterload_null                       0x08000147   Thumb Code     0  __scatter.o(!!!scatter)
    __decompress                             0x0800016d   Thumb Code    90  __dczerorl2.o(!!dczerorl2)
    __decompress1                            0x0800016d   Thumb Code     0  __dczerorl2.o(!!dczerorl2)
    __scatterload_zeroinit                   0x080001c9   Thumb Code    28  __scatter_zi.o(!!handler_zi)
    _printf_d                                0x080001e5   Thumb Code     0  _printf_d.o(.ARM.Collect$$_printf_percent$$00000009)
    _printf_percent                          0x080001e5   Thumb Code     0  _printf_percent.o(.ARM.Collect$$_printf_percent$$00000000)
    _printf_u                                0x080001eb   Thumb Code     0  _printf_u.o(.ARM.Collect$$_printf_percent$$0000000A)
    _printf_x                                0x080001f1   Thumb Code     0  _printf_x.o(.ARM.Collect$$_printf_percent$$0000000C)
    _printf_c                                0x080001f7   Thumb Code     0  _printf_c.o(.ARM.Collect$$_printf_percent$$00000013)
    _printf_s                                0x080001fd   Thumb Code     0  _printf_s.o(.ARM.Collect$$_printf_percent$$00000014)
    _printf_percent_end                      0x08000203   Thumb Code     0  _printf_percent_end.o(.ARM.Collect$$_printf_percent$$00000017)
    __rt_lib_init                            0x08000207   Thumb Code     0  libinit.o(.ARM.Collect$$libinit$$00000000)
    __rt_lib_init_alloca_1                   0x08000209   Thumb Code     0  libinit2.o(.ARM.Collect$$libinit$$0000002E)
    __rt_lib_init_argv_1                     0x08000209   Thumb Code     0  libinit2.o(.ARM.Collect$$libinit$$0000002C)
    __rt_lib_init_atexit_1                   0x08000209   Thumb Code     0  libinit2.o(.ARM.Collect$$libinit$$0000001B)
    __rt_lib_init_clock_1                    0x08000209   Thumb Code     0  libinit2.o(.ARM.Collect$$libinit$$00000021)
    __rt_lib_init_cpp_1                      0x08000209   Thumb Code     0  libinit2.o(.ARM.Collect$$libinit$$00000032)
    __rt_lib_init_exceptions_1               0x08000209   Thumb Code     0  libinit2.o(.ARM.Collect$$libinit$$00000030)
    __rt_lib_init_fp_1                       0x08000209   Thumb Code     0  libinit2.o(.ARM.Collect$$libinit$$00000002)
    __rt_lib_init_fp_trap_1                  0x08000209   Thumb Code     0  libinit2.o(.ARM.Collect$$libinit$$0000001F)
    __rt_lib_init_getenv_1                   0x08000209   Thumb Code     0  libinit2.o(.ARM.Collect$$libinit$$00000023)
    __rt_lib_init_heap_1                     0x08000209   Thumb Code     0  libinit2.o(.ARM.Collect$$libinit$$0000000A)
    __rt_lib_init_lc_collate_1               0x08000209   Thumb Code     0  libinit2.o(.ARM.Collect$$libinit$$00000011)
    __rt_lib_init_lc_ctype_1                 0x08000209   Thumb Code     0  libinit2.o(.ARM.Collect$$libinit$$00000013)
    __rt_lib_init_lc_monetary_1              0x08000209   Thumb Code     0  libinit2.o(.ARM.Collect$$libinit$$00000015)
    __rt_lib_init_lc_numeric_1               0x08000209   Thumb Code     0  libinit2.o(.ARM.Collect$$libinit$$00000017)
    __rt_lib_init_lc_time_1                  0x08000209   Thumb Code     0  libinit2.o(.ARM.Collect$$libinit$$00000019)
    __rt_lib_init_preinit_1                  0x08000209   Thumb Code     0  libinit2.o(.ARM.Collect$$libinit$$00000004)
    __rt_lib_init_rand_1                     0x08000209   Thumb Code     0  libinit2.o(.ARM.Collect$$libinit$$0000000E)
    __rt_lib_init_return                     0x08000209   Thumb Code     0  libinit2.o(.ARM.Collect$$libinit$$00000033)
    __rt_lib_init_signal_1                   0x08000209   Thumb Code     0  libinit2.o(.ARM.Collect$$libinit$$0000001D)
    __rt_lib_init_stdio_1                    0x08000209   Thumb Code     0  libinit2.o(.ARM.Collect$$libinit$$00000025)
    __rt_lib_init_user_alloc_1               0x08000209   Thumb Code     0  libinit2.o(.ARM.Collect$$libinit$$0000000C)
    __rt_lib_shutdown                        0x0800020b   Thumb Code     0  libshutdown.o(.ARM.Collect$$libshutdown$$00000000)
    __rt_lib_shutdown_cpp_1                  0x0800020d   Thumb Code     0  libshutdown2.o(.ARM.Collect$$libshutdown$$00000002)
    __rt_lib_shutdown_fp_trap_1              0x0800020d   Thumb Code     0  libshutdown2.o(.ARM.Collect$$libshutdown$$00000007)
    __rt_lib_shutdown_heap_1                 0x0800020d   Thumb Code     0  libshutdown2.o(.ARM.Collect$$libshutdown$$0000000F)
    __rt_lib_shutdown_return                 0x0800020d   Thumb Code     0  libshutdown2.o(.ARM.Collect$$libshutdown$$00000010)
    __rt_lib_shutdown_signal_1               0x0800020d   Thumb Code     0  libshutdown2.o(.ARM.Collect$$libshutdown$$0000000A)
    __rt_lib_shutdown_stdio_1                0x0800020d   Thumb Code     0  libshutdown2.o(.ARM.Collect$$libshutdown$$00000004)
    __rt_lib_shutdown_user_alloc_1           0x0800020d   Thumb Code     0  libshutdown2.o(.ARM.Collect$$libshutdown$$0000000C)
    __rt_entry                               0x0800020f   Thumb Code     0  __rtentry.o(.ARM.Collect$$rtentry$$00000000)
    __rt_entry_presh_1                       0x0800020f   Thumb Code     0  __rtentry2.o(.ARM.Collect$$rtentry$$00000002)
    __rt_entry_sh                            0x0800020f   Thumb Code     0  __rtentry4.o(.ARM.Collect$$rtentry$$00000004)
    __rt_entry_li                            0x08000215   Thumb Code     0  __rtentry2.o(.ARM.Collect$$rtentry$$0000000A)
    __rt_entry_postsh_1                      0x08000215   Thumb Code     0  __rtentry2.o(.ARM.Collect$$rtentry$$00000009)
    __rt_entry_main                          0x08000219   Thumb Code     0  __rtentry2.o(.ARM.Collect$$rtentry$$0000000D)
    __rt_entry_postli_1                      0x08000219   Thumb Code     0  __rtentry2.o(.ARM.Collect$$rtentry$$0000000C)
    __rt_exit                                0x08000221   Thumb Code     0  rtexit.o(.ARM.Collect$$rtexit$$00000000)
    __rt_exit_ls                             0x08000223   Thumb Code     0  rtexit2.o(.ARM.Collect$$rtexit$$00000003)
    __rt_exit_prels_1                        0x08000223   Thumb Code     0  rtexit2.o(.ARM.Collect$$rtexit$$00000002)
    __rt_exit_exit                           0x08000227   Thumb Code     0  rtexit2.o(.ARM.Collect$$rtexit$$00000004)
    Reset_Handler                            0x0800022d   Thumb Code     8  startup_stm32f10x_hd.o(.text)
    ADC1_2_IRQHandler                        0x08000247   Thumb Code     0  startup_stm32f10x_hd.o(.text)
    ADC3_IRQHandler                          0x08000247   Thumb Code     0  startup_stm32f10x_hd.o(.text)
    CAN1_RX1_IRQHandler                      0x08000247   Thumb Code     0  startup_stm32f10x_hd.o(.text)
    CAN1_SCE_IRQHandler                      0x08000247   Thumb Code     0  startup_stm32f10x_hd.o(.text)
    DMA1_Channel1_IRQHandler                 0x08000247   Thumb Code     0  startup_stm32f10x_hd.o(.text)
    DMA1_Channel2_IRQHandler                 0x08000247   Thumb Code     0  startup_stm32f10x_hd.o(.text)
    DMA1_Channel3_IRQHandler                 0x08000247   Thumb Code     0  startup_stm32f10x_hd.o(.text)
    DMA1_Channel4_IRQHandler                 0x08000247   Thumb Code     0  startup_stm32f10x_hd.o(.text)
    DMA1_Channel5_IRQHandler                 0x08000247   Thumb Code     0  startup_stm32f10x_hd.o(.text)
    DMA1_Channel6_IRQHandler                 0x08000247   Thumb Code     0  startup_stm32f10x_hd.o(.text)
    DMA1_Channel7_IRQHandler                 0x08000247   Thumb Code     0  startup_stm32f10x_hd.o(.text)
    DMA2_Channel1_IRQHandler                 0x08000247   Thumb Code     0  startup_stm32f10x_hd.o(.text)
    DMA2_Channel2_IRQHandler                 0x08000247   Thumb Code     0  startup_stm32f10x_hd.o(.text)
    DMA2_Channel3_IRQHandler                 0x08000247   Thumb Code     0  startup_stm32f10x_hd.o(.text)
    DMA2_Channel4_5_IRQHandler               0x08000247   Thumb Code     0  startup_stm32f10x_hd.o(.text)
    EXTI0_IRQHandler                         0x08000247   Thumb Code     0  startup_stm32f10x_hd.o(.text)
    EXTI15_10_IRQHandler                     0x08000247   Thumb Code     0  startup_stm32f10x_hd.o(.text)
    EXTI1_IRQHandler                         0x08000247   Thumb Code     0  startup_stm32f10x_hd.o(.text)
    EXTI2_IRQHandler                         0x08000247   Thumb Code     0  startup_stm32f10x_hd.o(.text)
    EXTI3_IRQHandler                         0x08000247   Thumb Code     0  startup_stm32f10x_hd.o(.text)
    EXTI4_IRQHandler                         0x08000247   Thumb Code     0  startup_stm32f10x_hd.o(.text)
    EXTI9_5_IRQHandler                       0x08000247   Thumb Code     0  startup_stm32f10x_hd.o(.text)
    FLASH_IRQHandler                         0x08000247   Thumb Code     0  startup_stm32f10x_hd.o(.text)
    FSMC_IRQHandler                          0x08000247   Thumb Code     0  startup_stm32f10x_hd.o(.text)
    I2C1_ER_IRQHandler                       0x08000247   Thumb Code     0  startup_stm32f10x_hd.o(.text)
    I2C1_EV_IRQHandler                       0x08000247   Thumb Code     0  startup_stm32f10x_hd.o(.text)
    I2C2_ER_IRQHandler                       0x08000247   Thumb Code     0  startup_stm32f10x_hd.o(.text)
    I2C2_EV_IRQHandler                       0x08000247   Thumb Code     0  startup_stm32f10x_hd.o(.text)
    PVD_IRQHandler                           0x08000247   Thumb Code     0  startup_stm32f10x_hd.o(.text)
    RCC_IRQHandler                           0x08000247   Thumb Code     0  startup_stm32f10x_hd.o(.text)
    RTCAlarm_IRQHandler                      0x08000247   Thumb Code     0  startup_stm32f10x_hd.o(.text)
    RTC_IRQHandler                           0x08000247   Thumb Code     0  startup_stm32f10x_hd.o(.text)
    SDIO_IRQHandler                          0x08000247   Thumb Code     0  startup_stm32f10x_hd.o(.text)
    SPI1_IRQHandler                          0x08000247   Thumb Code     0  startup_stm32f10x_hd.o(.text)
    SPI2_IRQHandler                          0x08000247   Thumb Code     0  startup_stm32f10x_hd.o(.text)
    SPI3_IRQHandler                          0x08000247   Thumb Code     0  startup_stm32f10x_hd.o(.text)
    TAMPER_IRQHandler                        0x08000247   Thumb Code     0  startup_stm32f10x_hd.o(.text)
    TIM1_BRK_IRQHandler                      0x08000247   Thumb Code     0  startup_stm32f10x_hd.o(.text)
    TIM1_CC_IRQHandler                       0x08000247   Thumb Code     0  startup_stm32f10x_hd.o(.text)
    TIM1_TRG_COM_IRQHandler                  0x08000247   Thumb Code     0  startup_stm32f10x_hd.o(.text)
    TIM1_UP_IRQHandler                       0x08000247   Thumb Code     0  startup_stm32f10x_hd.o(.text)
    TIM2_IRQHandler                          0x08000247   Thumb Code     0  startup_stm32f10x_hd.o(.text)
    TIM3_IRQHandler                          0x08000247   Thumb Code     0  startup_stm32f10x_hd.o(.text)
    TIM5_IRQHandler                          0x08000247   Thumb Code     0  startup_stm32f10x_hd.o(.text)
    TIM6_IRQHandler                          0x08000247   Thumb Code     0  startup_stm32f10x_hd.o(.text)
    TIM7_IRQHandler                          0x08000247   Thumb Code     0  startup_stm32f10x_hd.o(.text)
    TIM8_BRK_IRQHandler                      0x08000247   Thumb Code     0  startup_stm32f10x_hd.o(.text)
    TIM8_CC_IRQHandler                       0x08000247   Thumb Code     0  startup_stm32f10x_hd.o(.text)
    TIM8_TRG_COM_IRQHandler                  0x08000247   Thumb Code     0  startup_stm32f10x_hd.o(.text)
    TIM8_UP_IRQHandler                       0x08000247   Thumb Code     0  startup_stm32f10x_hd.o(.text)
    UART4_IRQHandler                         0x08000247   Thumb Code     0  startup_stm32f10x_hd.o(.text)
    UART5_IRQHandler                         0x08000247   Thumb Code     0  startup_stm32f10x_hd.o(.text)
    USART2_IRQHandler                        0x08000247   Thumb Code     0  startup_stm32f10x_hd.o(.text)
    USART3_IRQHandler                        0x08000247   Thumb Code     0  startup_stm32f10x_hd.o(.text)
    USBWakeUp_IRQHandler                     0x08000247   Thumb Code     0  startup_stm32f10x_hd.o(.text)
    USB_HP_CAN1_TX_IRQHandler                0x08000247   Thumb Code     0  startup_stm32f10x_hd.o(.text)
    USB_LP_CAN1_RX0_IRQHandler               0x08000247   Thumb Code     0  startup_stm32f10x_hd.o(.text)
    WWDG_IRQHandler                          0x08000247   Thumb Code     0  startup_stm32f10x_hd.o(.text)
    __user_initial_stackheap                 0x08000249   Thumb Code     0  startup_stm32f10x_hd.o(.text)
    __use_no_semihosting                     0x0800026d   Thumb Code     2  use_no_semi_2.o(.text)
    __2printf                                0x08000271   Thumb Code    20  noretval__2printf.o(.text)
    _printf_pre_padding                      0x08000289   Thumb Code    44  _printf_pad.o(.text)
    _printf_post_padding                     0x080002b5   Thumb Code    34  _printf_pad.o(.text)
    _printf_str                              0x080002d7   Thumb Code    82  _printf_str.o(.text)
    _printf_int_dec                          0x08000329   Thumb Code   104  _printf_dec.o(.text)
    _printf_int_hex                          0x080003a1   Thumb Code    84  _printf_hex_int.o(.text)
    _printf_longlong_hex                     0x080003a1   Thumb Code     0  _printf_hex_int.o(.text)
    __printf                                 0x080003f9   Thumb Code   388  __printf_flags_ss_wp.o(.text)
    __use_two_region_memory                  0x08000581   Thumb Code     2  heapauxi.o(.text)
    __rt_heap_escrow$2region                 0x08000583   Thumb Code     2  heapauxi.o(.text)
    __rt_heap_expand$2region                 0x08000585   Thumb Code     2  heapauxi.o(.text)
    __I$use$semihosting                      0x08000587   Thumb Code     0  use_no_semi.o(.text)
    __use_no_semihosting_swi                 0x08000587   Thumb Code     2  use_no_semi.o(.text)
    _printf_int_common                       0x08000589   Thumb Code   178  _printf_intcommon.o(.text)
    _printf_cs_common                        0x0800063b   Thumb Code    20  _printf_char.o(.text)
    _printf_char                             0x0800064f   Thumb Code    16  _printf_char.o(.text)
    _printf_string                           0x0800065f   Thumb Code     8  _printf_char.o(.text)
    _printf_char_file                        0x08000669   Thumb Code    32  _printf_char_file.o(.text)
    _printf_char_common                      0x08000697   Thumb Code    32  _printf_char_common.o(.text)
    ferror                                   0x080006bd   Thumb Code     8  ferror.o(.text)
    __user_setup_stackheap                   0x080006c5   Thumb Code    74  sys_stackheap_outer.o(.text)
    exit                                     0x0800070f   Thumb Code    18  exit.o(.text)
    __user_libspace                          0x08000721   Thumb Code     8  libspace.o(.text)
    __user_perproc_libspace                  0x08000721   Thumb Code     0  libspace.o(.text)
    __user_perthread_libspace                0x08000721   Thumb Code     0  libspace.o(.text)
    BusFault_Handler                         0x08000729   Thumb Code     4  stm32f10x_it.o(i.BusFault_Handler)
    DebugMon_Handler                         0x0800072d   Thumb Code     2  stm32f10x_it.o(i.DebugMon_Handler)
    DrawPoint                                0x0800072f   Thumb Code    30  bsp_lcd_ili9341.o(i.DrawPoint)
    FSMC_Config                              0x0800074d   Thumb Code   130  bsp_lcd_ili9341.o(i.FSMC_Config)
    FSMC_NORSRAMCmd                          0x080007d1   Thumb Code    46  stm32f10x_fsmc.o(i.FSMC_NORSRAMCmd)
    FSMC_NORSRAMInit                         0x08000805   Thumb Code   230  stm32f10x_fsmc.o(i.FSMC_NORSRAMInit)
    GPIO_Config                              0x080008ed   Thumb Code   360  bsp_lcd_ili9341.o(i.GPIO_Config)
    GPIO_Init                                0x08000a65   Thumb Code   278  stm32f10x_gpio.o(i.GPIO_Init)
    GPIO_ResetBits                           0x08000b7b   Thumb Code     4  stm32f10x_gpio.o(i.GPIO_ResetBits)
    GPIO_SetBits                             0x08000b7f   Thumb Code     4  stm32f10x_gpio.o(i.GPIO_SetBits)
    HardFault_Handler                        0x08000b83   Thumb Code     4  stm32f10x_it.o(i.HardFault_Handler)
    LCD_BL                                   0x08000b89   Thumb Code    26  bsp_lcd_ili9341.o(i.LCD_BL)
    LCD_Config                               0x08000ba9   Thumb Code   424  bsp_lcd_ili9341.o(i.LCD_Config)
    LCD_DrawLine                             0x08000d51   Thumb Code   182  bsp_lcd_ili9341.o(i.LCD_DrawLine)
    LCD_DrawRecFull                          0x08000e07   Thumb Code    58  bsp_lcd_ili9341.o(i.LCD_DrawRecFull)
    LCD_Init                                 0x08000e41   Thumb Code    44  bsp_lcd_ili9341.o(i.LCD_Init)
    LCD_OpenWindow                           0x08000e6d   Thumb Code    96  bsp_lcd_ili9341.o(i.LCD_OpenWindow)
    LCD_SetCursor                            0x08000ecd   Thumb Code    44  bsp_lcd_ili9341.o(i.LCD_SetCursor)
    LCD_ShowChar_EN                          0x08000ef9   Thumb Code   134  bsp_lcd_ili9341.o(i.LCD_ShowChar_EN)
    LCD_WriteCmd                             0x08000f85   Thumb Code     8  bsp_lcd_ili9341.o(i.LCD_WriteCmd)
    LCD_WriteData                            0x08000f8d   Thumb Code     6  bsp_lcd_ili9341.o(i.LCD_WriteData)
    MemManage_Handler                        0x08000f99   Thumb Code     4  stm32f10x_it.o(i.MemManage_Handler)
    NMI_Handler                              0x08000f9d   Thumb Code     2  stm32f10x_it.o(i.NMI_Handler)
    NVIC_Init                                0x08000fa1   Thumb Code   100  misc.o(i.NVIC_Init)
    PendSV_Handler                           0x08001011   Thumb Code     2  stm32f10x_it.o(i.PendSV_Handler)
    RCC_AHBPeriphClockCmd                    0x08001015   Thumb Code    26  stm32f10x_rcc.o(i.RCC_AHBPeriphClockCmd)
    RCC_APB1PeriphClockCmd                   0x08001035   Thumb Code    26  stm32f10x_rcc.o(i.RCC_APB1PeriphClockCmd)
    RCC_APB2PeriphClockCmd                   0x08001055   Thumb Code    26  stm32f10x_rcc.o(i.RCC_APB2PeriphClockCmd)
    RCC_GetClocksFreq                        0x08001075   Thumb Code   192  stm32f10x_rcc.o(i.RCC_GetClocksFreq)
    SVC_Handler                              0x08001149   Thumb Code     2  stm32f10x_it.o(i.SVC_Handler)
    SysTick_CLKSourceConfig                  0x08001235   Thumb Code    40  misc.o(i.SysTick_CLKSourceConfig)
    SysTick_Handler                          0x0800125d   Thumb Code     2  stm32f10x_it.o(i.SysTick_Handler)
    SystemInit                               0x08001261   Thumb Code    78  system_stm32f10x.o(i.SystemInit)
    TIM4_IRQHandler                          0x080012c1   Thumb Code    46  usmart.o(i.TIM4_IRQHandler)
    TIM_ClearFlag                            0x080012f9   Thumb Code     6  stm32f10x_tim.o(i.TIM_ClearFlag)
    TIM_ClearITPendingBit                    0x080012ff   Thumb Code     6  stm32f10x_tim.o(i.TIM_ClearITPendingBit)
    TIM_Cmd                                  0x08001305   Thumb Code    24  stm32f10x_tim.o(i.TIM_Cmd)
    TIM_GetCounter                           0x0800131d   Thumb Code     6  stm32f10x_tim.o(i.TIM_GetCounter)
    TIM_GetFlagStatus                        0x08001323   Thumb Code    18  stm32f10x_tim.o(i.TIM_GetFlagStatus)
    TIM_GetITStatus                          0x08001335   Thumb Code    34  stm32f10x_tim.o(i.TIM_GetITStatus)
    TIM_ITConfig                             0x08001357   Thumb Code    18  stm32f10x_tim.o(i.TIM_ITConfig)
    TIM_SetAutoreload                        0x08001369   Thumb Code     4  stm32f10x_tim.o(i.TIM_SetAutoreload)
    TIM_SetCounter                           0x0800136d   Thumb Code     4  stm32f10x_tim.o(i.TIM_SetCounter)
    TIM_TimeBaseInit                         0x08001371   Thumb Code   122  stm32f10x_tim.o(i.TIM_TimeBaseInit)
    Timer4_Init                              0x08001415   Thumb Code    88  usmart.o(i.Timer4_Init)
    USART1_IRQHandler                        0x08001471   Thumb Code   122  usart.o(i.USART1_IRQHandler)
    USART_Cmd                                0x080014f9   Thumb Code    24  stm32f10x_usart.o(i.USART_Cmd)
    USART_GetITStatus                        0x08001511   Thumb Code    84  stm32f10x_usart.o(i.USART_GetITStatus)
    USART_ITConfig                           0x08001565   Thumb Code    74  stm32f10x_usart.o(i.USART_ITConfig)
    USART_Init                               0x080015b1   Thumb Code   210  stm32f10x_usart.o(i.USART_Init)
    USART_ReceiveData                        0x08001689   Thumb Code    10  stm32f10x_usart.o(i.USART_ReceiveData)
    UsageFault_Handler                       0x08001693   Thumb Code     4  stm32f10x_it.o(i.UsageFault_Handler)
    _is_digit                                0x08001697   Thumb Code    14  __printf_wp.o(i._is_digit)
    _sys_exit                                0x080016a5   Thumb Code     4  usart.o(i._sys_exit)
    delay_init                               0x080016a9   Thumb Code    50  delay.o(i.delay_init)
    delay_ms                                 0x080016ed   Thumb Code    72  delay.o(i.delay_ms)
    fputc                                    0x08001739   Thumb Code    24  usart.o(i.fputc)
    lCD_ShowStr_EN                           0x08001755   Thumb Code    92  bsp_lcd_ili9341.o(i.lCD_ShowStr_EN)
    main                                     0x080017b5   Thumb Code   174  main.o(i.main)
    read_addr                                0x08001881   Thumb Code     6  usmart.o(i.read_addr)
    uart_init                                0x08001889   Thumb Code   152  usart.o(i.uart_init)
    usmart_cmd_rec                           0x08001929   Thumb Code   170  usmart.o(i.usmart_cmd_rec)
    usmart_exe                               0x080019d9   Thumb Code   632  usmart.o(i.usmart_exe)
    usmart_get_aparm                         0x08001cad   Thumb Code   200  usmart_str.o(i.usmart_get_aparm)
    usmart_get_cmdname                       0x08001d75   Thumb Code    54  usmart_str.o(i.usmart_get_cmdname)
    usmart_get_fname                         0x08001dad   Thumb Code   440  usmart_str.o(i.usmart_get_fname)
    usmart_get_fparam                        0x08001f6d   Thumb Code   262  usmart_str.o(i.usmart_get_fparam)
    usmart_get_parmpos                       0x08002079   Thumb Code    26  usmart_str.o(i.usmart_get_parmpos)
    usmart_get_runtime                       0x08002099   Thumb Code    60  usmart.o(i.usmart_get_runtime)
    usmart_init                              0x080020dd   Thumb Code    36  usmart.o(i.usmart_init)
    usmart_pow                               0x08002105   Thumb Code    22  usmart_str.o(i.usmart_pow)
    usmart_reset_runtime                     0x0800211d   Thumb Code    38  usmart.o(i.usmart_reset_runtime)
    usmart_scan                              0x0800214d   Thumb Code   120  usmart.o(i.usmart_scan)
    usmart_search_nextc                      0x08002209   Thumb Code    22  usmart_str.o(i.usmart_search_nextc)
    usmart_str2num                           0x0800221f   Thumb Code   202  usmart_str.o(i.usmart_str2num)
    usmart_strcmp                            0x080022e9   Thumb Code    34  usmart_str.o(i.usmart_strcmp)
    usmart_strcopy                           0x0800230b   Thumb Code    22  usmart_str.o(i.usmart_strcopy)
    usmart_strlen                            0x08002321   Thumb Code    24  usmart_str.o(i.usmart_strlen)
    usmart_sys_cmd_exe                       0x08002339   Thumb Code  1554  usmart.o(i.usmart_sys_cmd_exe)
    write_addr                               0x08002a1d   Thumb Code     4  usmart.o(i.write_addr)
    ASCII8x16_Table                          0x08002a20   Data        1520  fonts.o(.constdata)
    Region$$Table$$Base                      0x080030ec   Number         0  anon$$obj.o(Region$$Table)
    Region$$Table$$Limit                     0x0800310c   Number         0  anon$$obj.o(Region$$Table)
    SystemCoreClock                          0x20000000   Data           4  system_stm32f10x.o(.data)
    AHBPrescTable                            0x20000004   Data          16  system_stm32f10x.o(.data)
    __stdout                                 0x20000028   Data           4  usart.o(.data)
    USART_RX_STA                             0x2000002c   Data           2  usart.o(.data)
    XSide                                    0x20000034   Data           2  bsp_lcd_ili9341.o(.data)
    YSide                                    0x20000036   Data           2  bsp_lcd_ili9341.o(.data)
    grammode                                 0x20000038   Data           1  bsp_lcd_ili9341.o(.data)
    CurFont                                  0x2000003c   Data           4  bsp_lcd_ili9341.o(.data)
    Font_8x16                                0x20000040   Data           8  fonts.o(.data)
    usmart_nametab                           0x20000048   Data          24  usmart_config.o(.data)
    usmart_dev                               0x20000060   Data         244  usmart_config.o(.data)
    sys_cmd_tab                              0x20000154   Data          28  usmart.o(.data)
    USART_RX_BUF                             0x20000170   Data         200  usart.o(.bss)
    __libspace_start                         0x20000238   Data          96  libspace.o(.bss)
    __temporary_stack_top$libspace           0x20000298   Data           0  libspace.o(.bss)



==============================================================================

Memory Map of the image

  Image Entry point : 0x08000131

  Load Region LR_IROM1 (Base: 0x08000000, Size: 0x0000327c, Max: 0x00080000, ABSOLUTE, COMPRESSED[0x00003178])

    Execution Region ER_IROM1 (Exec base: 0x08000000, Load base: 0x08000000, Size: 0x0000310c, Max: 0x00080000, ABSOLUTE)

    Exec Addr    Load Addr    Size         Type   Attr      Idx    E Section Name        Object

    0x08000000   0x08000000   0x00000130   Data   RO          240    RESET               startup_stm32f10x_hd.o
    0x08000130   0x08000130   0x00000008   Code   RO         3720  * !!!main             c_w.l(__main.o)
    0x08000138   0x08000138   0x00000034   Code   RO         3892    !!!scatter          c_w.l(__scatter.o)
    0x0800016c   0x0800016c   0x0000005a   Code   RO         3890    !!dczerorl2         c_w.l(__dczerorl2.o)
    0x080001c6   0x080001c6   0x00000002   PAD
    0x080001c8   0x080001c8   0x0000001c   Code   RO         3894    !!handler_zi        c_w.l(__scatter_zi.o)
    0x080001e4   0x080001e4   0x00000000   Code   RO         3717    .ARM.Collect$$_printf_percent$$00000000  c_w.l(_printf_percent.o)
    0x080001e4   0x080001e4   0x00000006   Code   RO         3715    .ARM.Collect$$_printf_percent$$00000009  c_w.l(_printf_d.o)
    0x080001ea   0x080001ea   0x00000006   Code   RO         3716    .ARM.Collect$$_printf_percent$$0000000A  c_w.l(_printf_u.o)
    0x080001f0   0x080001f0   0x00000006   Code   RO         3714    .ARM.Collect$$_printf_percent$$0000000C  c_w.l(_printf_x.o)
    0x080001f6   0x080001f6   0x00000006   Code   RO         3712    .ARM.Collect$$_printf_percent$$00000013  c_w.l(_printf_c.o)
    0x080001fc   0x080001fc   0x00000006   Code   RO         3713    .ARM.Collect$$_printf_percent$$00000014  c_w.l(_printf_s.o)
    0x08000202   0x08000202   0x00000004   Code   RO         3731    .ARM.Collect$$_printf_percent$$00000017  c_w.l(_printf_percent_end.o)
    0x08000206   0x08000206   0x00000002   Code   RO         3764    .ARM.Collect$$libinit$$00000000  c_w.l(libinit.o)
    0x08000208   0x08000208   0x00000000   Code   RO         3771    .ARM.Collect$$libinit$$00000002  c_w.l(libinit2.o)
    0x08000208   0x08000208   0x00000000   Code   RO         3773    .ARM.Collect$$libinit$$00000004  c_w.l(libinit2.o)
    0x08000208   0x08000208   0x00000000   Code   RO         3776    .ARM.Collect$$libinit$$0000000A  c_w.l(libinit2.o)
    0x08000208   0x08000208   0x00000000   Code   RO         3778    .ARM.Collect$$libinit$$0000000C  c_w.l(libinit2.o)
    0x08000208   0x08000208   0x00000000   Code   RO         3780    .ARM.Collect$$libinit$$0000000E  c_w.l(libinit2.o)
    0x08000208   0x08000208   0x00000000   Code   RO         3783    .ARM.Collect$$libinit$$00000011  c_w.l(libinit2.o)
    0x08000208   0x08000208   0x00000000   Code   RO         3785    .ARM.Collect$$libinit$$00000013  c_w.l(libinit2.o)
    0x08000208   0x08000208   0x00000000   Code   RO         3787    .ARM.Collect$$libinit$$00000015  c_w.l(libinit2.o)
    0x08000208   0x08000208   0x00000000   Code   RO         3789    .ARM.Collect$$libinit$$00000017  c_w.l(libinit2.o)
    0x08000208   0x08000208   0x00000000   Code   RO         3791    .ARM.Collect$$libinit$$00000019  c_w.l(libinit2.o)
    0x08000208   0x08000208   0x00000000   Code   RO         3793    .ARM.Collect$$libinit$$0000001B  c_w.l(libinit2.o)
    0x08000208   0x08000208   0x00000000   Code   RO         3795    .ARM.Collect$$libinit$$0000001D  c_w.l(libinit2.o)
    0x08000208   0x08000208   0x00000000   Code   RO         3797    .ARM.Collect$$libinit$$0000001F  c_w.l(libinit2.o)
    0x08000208   0x08000208   0x00000000   Code   RO         3799    .ARM.Collect$$libinit$$00000021  c_w.l(libinit2.o)
    0x08000208   0x08000208   0x00000000   Code   RO         3801    .ARM.Collect$$libinit$$00000023  c_w.l(libinit2.o)
    0x08000208   0x08000208   0x00000000   Code   RO         3803    .ARM.Collect$$libinit$$00000025  c_w.l(libinit2.o)
    0x08000208   0x08000208   0x00000000   Code   RO         3807    .ARM.Collect$$libinit$$0000002C  c_w.l(libinit2.o)
    0x08000208   0x08000208   0x00000000   Code   RO         3809    .ARM.Collect$$libinit$$0000002E  c_w.l(libinit2.o)
    0x08000208   0x08000208   0x00000000   Code   RO         3811    .ARM.Collect$$libinit$$00000030  c_w.l(libinit2.o)
    0x08000208   0x08000208   0x00000000   Code   RO         3813    .ARM.Collect$$libinit$$00000032  c_w.l(libinit2.o)
    0x08000208   0x08000208   0x00000002   Code   RO         3814    .ARM.Collect$$libinit$$00000033  c_w.l(libinit2.o)
    0x0800020a   0x0800020a   0x00000002   Code   RO         3832    .ARM.Collect$$libshutdown$$00000000  c_w.l(libshutdown.o)
    0x0800020c   0x0800020c   0x00000000   Code   RO         3842    .ARM.Collect$$libshutdown$$00000002  c_w.l(libshutdown2.o)
    0x0800020c   0x0800020c   0x00000000   Code   RO         3844    .ARM.Collect$$libshutdown$$00000004  c_w.l(libshutdown2.o)
    0x0800020c   0x0800020c   0x00000000   Code   RO         3847    .ARM.Collect$$libshutdown$$00000007  c_w.l(libshutdown2.o)
    0x0800020c   0x0800020c   0x00000000   Code   RO         3850    .ARM.Collect$$libshutdown$$0000000A  c_w.l(libshutdown2.o)
    0x0800020c   0x0800020c   0x00000000   Code   RO         3852    .ARM.Collect$$libshutdown$$0000000C  c_w.l(libshutdown2.o)
    0x0800020c   0x0800020c   0x00000000   Code   RO         3855    .ARM.Collect$$libshutdown$$0000000F  c_w.l(libshutdown2.o)
    0x0800020c   0x0800020c   0x00000002   Code   RO         3856    .ARM.Collect$$libshutdown$$00000010  c_w.l(libshutdown2.o)
    0x0800020e   0x0800020e   0x00000000   Code   RO         3724    .ARM.Collect$$rtentry$$00000000  c_w.l(__rtentry.o)
    0x0800020e   0x0800020e   0x00000000   Code   RO         3733    .ARM.Collect$$rtentry$$00000002  c_w.l(__rtentry2.o)
    0x0800020e   0x0800020e   0x00000006   Code   RO         3745    .ARM.Collect$$rtentry$$00000004  c_w.l(__rtentry4.o)
    0x08000214   0x08000214   0x00000000   Code   RO         3735    .ARM.Collect$$rtentry$$00000009  c_w.l(__rtentry2.o)
    0x08000214   0x08000214   0x00000004   Code   RO         3736    .ARM.Collect$$rtentry$$0000000A  c_w.l(__rtentry2.o)
    0x08000218   0x08000218   0x00000000   Code   RO         3738    .ARM.Collect$$rtentry$$0000000C  c_w.l(__rtentry2.o)
    0x08000218   0x08000218   0x00000008   Code   RO         3739    .ARM.Collect$$rtentry$$0000000D  c_w.l(__rtentry2.o)
    0x08000220   0x08000220   0x00000002   Code   RO         3768    .ARM.Collect$$rtexit$$00000000  c_w.l(rtexit.o)
    0x08000222   0x08000222   0x00000000   Code   RO         3816    .ARM.Collect$$rtexit$$00000002  c_w.l(rtexit2.o)
    0x08000222   0x08000222   0x00000004   Code   RO         3817    .ARM.Collect$$rtexit$$00000003  c_w.l(rtexit2.o)
    0x08000226   0x08000226   0x00000006   Code   RO         3818    .ARM.Collect$$rtexit$$00000004  c_w.l(rtexit2.o)
    0x0800022c   0x0800022c   0x00000040   Code   RO          241    .text               startup_stm32f10x_hd.o
    0x0800026c   0x0800026c   0x00000002   Code   RO         3657    .text               c_w.l(use_no_semi_2.o)
    0x0800026e   0x0800026e   0x00000002   PAD
    0x08000270   0x08000270   0x00000018   Code   RO         3661    .text               c_w.l(noretval__2printf.o)
    0x08000288   0x08000288   0x0000004e   Code   RO         3665    .text               c_w.l(_printf_pad.o)
    0x080002d6   0x080002d6   0x00000052   Code   RO         3667    .text               c_w.l(_printf_str.o)
    0x08000328   0x08000328   0x00000078   Code   RO         3669    .text               c_w.l(_printf_dec.o)
    0x080003a0   0x080003a0   0x00000058   Code   RO         3674    .text               c_w.l(_printf_hex_int.o)
    0x080003f8   0x080003f8   0x00000188   Code   RO         3709    .text               c_w.l(__printf_flags_ss_wp.o)
    0x08000580   0x08000580   0x00000006   Code   RO         3718    .text               c_w.l(heapauxi.o)
    0x08000586   0x08000586   0x00000002   Code   RO         3722    .text               c_w.l(use_no_semi.o)
    0x08000588   0x08000588   0x000000b2   Code   RO         3725    .text               c_w.l(_printf_intcommon.o)
    0x0800063a   0x0800063a   0x0000002c   Code   RO         3727    .text               c_w.l(_printf_char.o)
    0x08000666   0x08000666   0x00000002   PAD
    0x08000668   0x08000668   0x00000024   Code   RO         3729    .text               c_w.l(_printf_char_file.o)
    0x0800068c   0x0800068c   0x00000030   Code   RO         3747    .text               c_w.l(_printf_char_common.o)
    0x080006bc   0x080006bc   0x00000008   Code   RO         3749    .text               c_w.l(ferror.o)
    0x080006c4   0x080006c4   0x0000004a   Code   RO         3753    .text               c_w.l(sys_stackheap_outer.o)
    0x0800070e   0x0800070e   0x00000012   Code   RO         3757    .text               c_w.l(exit.o)
    0x08000720   0x08000720   0x00000008   Code   RO         3765    .text               c_w.l(libspace.o)
    0x08000728   0x08000728   0x00000004   Code   RO          130    i.BusFault_Handler  stm32f10x_it.o
    0x0800072c   0x0800072c   0x00000002   Code   RO          131    i.DebugMon_Handler  stm32f10x_it.o
    0x0800072e   0x0800072e   0x0000001e   Code   RO         3333    i.DrawPoint         bsp_lcd_ili9341.o
    0x0800074c   0x0800074c   0x00000082   Code   RO         3334    i.FSMC_Config       bsp_lcd_ili9341.o
    0x080007ce   0x080007ce   0x00000002   PAD
    0x080007d0   0x080007d0   0x00000034   Code   RO         1307    i.FSMC_NORSRAMCmd   stm32f10x_fsmc.o
    0x08000804   0x08000804   0x000000e6   Code   RO         1309    i.FSMC_NORSRAMInit  stm32f10x_fsmc.o
    0x080008ea   0x080008ea   0x00000002   PAD
    0x080008ec   0x080008ec   0x00000178   Code   RO         3335    i.GPIO_Config       bsp_lcd_ili9341.o
    0x08000a64   0x08000a64   0x00000116   Code   RO         1422    i.GPIO_Init         stm32f10x_gpio.o
    0x08000b7a   0x08000b7a   0x00000004   Code   RO         1429    i.GPIO_ResetBits    stm32f10x_gpio.o
    0x08000b7e   0x08000b7e   0x00000004   Code   RO         1430    i.GPIO_SetBits      stm32f10x_gpio.o
    0x08000b82   0x08000b82   0x00000004   Code   RO          132    i.HardFault_Handler  stm32f10x_it.o
    0x08000b86   0x08000b86   0x00000002   PAD
    0x08000b88   0x08000b88   0x00000020   Code   RO         3336    i.LCD_BL            bsp_lcd_ili9341.o
    0x08000ba8   0x08000ba8   0x000001a8   Code   RO         3337    i.LCD_Config        bsp_lcd_ili9341.o
    0x08000d50   0x08000d50   0x000000b6   Code   RO         3338    i.LCD_DrawLine      bsp_lcd_ili9341.o
    0x08000e06   0x08000e06   0x0000003a   Code   RO         3340    i.LCD_DrawRecFull   bsp_lcd_ili9341.o
    0x08000e40   0x08000e40   0x0000002c   Code   RO         3342    i.LCD_Init          bsp_lcd_ili9341.o
    0x08000e6c   0x08000e6c   0x00000060   Code   RO         3343    i.LCD_OpenWindow    bsp_lcd_ili9341.o
    0x08000ecc   0x08000ecc   0x0000002c   Code   RO         3346    i.LCD_SetCursor     bsp_lcd_ili9341.o
    0x08000ef8   0x08000ef8   0x0000008c   Code   RO         3347    i.LCD_ShowChar_EN   bsp_lcd_ili9341.o
    0x08000f84   0x08000f84   0x00000008   Code   RO         3435    i.LCD_WriteCmd      bsp_lcd_ili9341.o
    0x08000f8c   0x08000f8c   0x0000000c   Code   RO         3440    i.LCD_WriteData     bsp_lcd_ili9341.o
    0x08000f98   0x08000f98   0x00000004   Code   RO          133    i.MemManage_Handler  stm32f10x_it.o
    0x08000f9c   0x08000f9c   0x00000002   Code   RO          134    i.NMI_Handler       stm32f10x_it.o
    0x08000f9e   0x08000f9e   0x00000002   PAD
    0x08000fa0   0x08000fa0   0x00000070   Code   RO          245    i.NVIC_Init         misc.o
    0x08001010   0x08001010   0x00000002   Code   RO          135    i.PendSV_Handler    stm32f10x_it.o
    0x08001012   0x08001012   0x00000002   PAD
    0x08001014   0x08001014   0x00000020   Code   RO         1837    i.RCC_AHBPeriphClockCmd  stm32f10x_rcc.o
    0x08001034   0x08001034   0x00000020   Code   RO         1838    i.RCC_APB1PeriphClockCmd  stm32f10x_rcc.o
    0x08001054   0x08001054   0x00000020   Code   RO         1840    i.RCC_APB2PeriphClockCmd  stm32f10x_rcc.o
    0x08001074   0x08001074   0x000000d4   Code   RO         1848    i.RCC_GetClocksFreq  stm32f10x_rcc.o
    0x08001148   0x08001148   0x00000002   Code   RO          136    i.SVC_Handler       stm32f10x_it.o
    0x0800114a   0x0800114a   0x00000008   Code   RO          193    i.SetSysClock       system_stm32f10x.o
    0x08001152   0x08001152   0x00000002   PAD
    0x08001154   0x08001154   0x000000e0   Code   RO          194    i.SetSysClockTo72   system_stm32f10x.o
    0x08001234   0x08001234   0x00000028   Code   RO          249    i.SysTick_CLKSourceConfig  misc.o
    0x0800125c   0x0800125c   0x00000002   Code   RO          137    i.SysTick_Handler   stm32f10x_it.o
    0x0800125e   0x0800125e   0x00000002   PAD
    0x08001260   0x08001260   0x00000060   Code   RO          196    i.SystemInit        system_stm32f10x.o
    0x080012c0   0x080012c0   0x00000038   Code   RO         3575    i.TIM4_IRQHandler   usmart.o
    0x080012f8   0x080012f8   0x00000006   Code   RO         2466    i.TIM_ClearFlag     stm32f10x_tim.o
    0x080012fe   0x080012fe   0x00000006   Code   RO         2467    i.TIM_ClearITPendingBit  stm32f10x_tim.o
    0x08001304   0x08001304   0x00000018   Code   RO         2472    i.TIM_Cmd           stm32f10x_tim.o
    0x0800131c   0x0800131c   0x00000006   Code   RO         2491    i.TIM_GetCounter    stm32f10x_tim.o
    0x08001322   0x08001322   0x00000012   Code   RO         2492    i.TIM_GetFlagStatus  stm32f10x_tim.o
    0x08001334   0x08001334   0x00000022   Code   RO         2493    i.TIM_GetITStatus   stm32f10x_tim.o
    0x08001356   0x08001356   0x00000012   Code   RO         2497    i.TIM_ITConfig      stm32f10x_tim.o
    0x08001368   0x08001368   0x00000004   Code   RO         2531    i.TIM_SetAutoreload  stm32f10x_tim.o
    0x0800136c   0x0800136c   0x00000004   Code   RO         2537    i.TIM_SetCounter    stm32f10x_tim.o
    0x08001370   0x08001370   0x000000a4   Code   RO         2543    i.TIM_TimeBaseInit  stm32f10x_tim.o
    0x08001414   0x08001414   0x0000005c   Code   RO         3576    i.Timer4_Init       usmart.o
    0x08001470   0x08001470   0x00000088   Code   RO         3238    i.USART1_IRQHandler  usart.o
    0x080014f8   0x080014f8   0x00000018   Code   RO         3008    i.USART_Cmd         stm32f10x_usart.o
    0x08001510   0x08001510   0x00000054   Code   RO         3012    i.USART_GetITStatus  stm32f10x_usart.o
    0x08001564   0x08001564   0x0000004a   Code   RO         3014    i.USART_ITConfig    stm32f10x_usart.o
    0x080015ae   0x080015ae   0x00000002   PAD
    0x080015b0   0x080015b0   0x000000d8   Code   RO         3015    i.USART_Init        stm32f10x_usart.o
    0x08001688   0x08001688   0x0000000a   Code   RO         3022    i.USART_ReceiveData  stm32f10x_usart.o
    0x08001692   0x08001692   0x00000004   Code   RO          138    i.UsageFault_Handler  stm32f10x_it.o
    0x08001696   0x08001696   0x0000000e   Code   RO         3702    i._is_digit         c_w.l(__printf_wp.o)
    0x080016a4   0x080016a4   0x00000004   Code   RO         3239    i._sys_exit         usart.o
    0x080016a8   0x080016a8   0x00000044   Code   RO         3307    i.delay_init        delay.o
    0x080016ec   0x080016ec   0x0000004c   Code   RO         3308    i.delay_ms          delay.o
    0x08001738   0x08001738   0x0000001c   Code   RO         3240    i.fputc             usart.o
    0x08001754   0x08001754   0x00000060   Code   RO         3348    i.lCD_ShowStr_EN    bsp_lcd_ili9341.o
    0x080017b4   0x080017b4   0x000000cc   Code   RO            1    i.main              main.o
    0x08001880   0x08001880   0x00000006   Code   RO         3577    i.read_addr         usmart.o
    0x08001886   0x08001886   0x00000002   PAD
    0x08001888   0x08001888   0x000000a0   Code   RO         3241    i.uart_init         usart.o
    0x08001928   0x08001928   0x000000b0   Code   RO         3578    i.usmart_cmd_rec    usmart.o
    0x080019d8   0x080019d8   0x000002d4   Code   RO         3579    i.usmart_exe        usmart.o
    0x08001cac   0x08001cac   0x000000c8   Code   RO         3482    i.usmart_get_aparm  usmart_str.o
    0x08001d74   0x08001d74   0x00000036   Code   RO         3483    i.usmart_get_cmdname  usmart_str.o
    0x08001daa   0x08001daa   0x00000002   PAD
    0x08001dac   0x08001dac   0x000001c0   Code   RO         3484    i.usmart_get_fname  usmart_str.o
    0x08001f6c   0x08001f6c   0x0000010c   Code   RO         3485    i.usmart_get_fparam  usmart_str.o
    0x08002078   0x08002078   0x00000020   Code   RO         3486    i.usmart_get_parmpos  usmart_str.o
    0x08002098   0x08002098   0x00000044   Code   RO         3580    i.usmart_get_runtime  usmart.o
    0x080020dc   0x080020dc   0x00000028   Code   RO         3581    i.usmart_init       usmart.o
    0x08002104   0x08002104   0x00000016   Code   RO         3487    i.usmart_pow        usmart_str.o
    0x0800211a   0x0800211a   0x00000002   PAD
    0x0800211c   0x0800211c   0x00000030   Code   RO         3582    i.usmart_reset_runtime  usmart.o
    0x0800214c   0x0800214c   0x000000bc   Code   RO         3583    i.usmart_scan       usmart.o
    0x08002208   0x08002208   0x00000016   Code   RO         3488    i.usmart_search_nextc  usmart_str.o
    0x0800221e   0x0800221e   0x000000ca   Code   RO         3489    i.usmart_str2num    usmart_str.o
    0x080022e8   0x080022e8   0x00000022   Code   RO         3490    i.usmart_strcmp     usmart_str.o
    0x0800230a   0x0800230a   0x00000016   Code   RO         3491    i.usmart_strcopy    usmart_str.o
    0x08002320   0x08002320   0x00000018   Code   RO         3492    i.usmart_strlen     usmart_str.o
    0x08002338   0x08002338   0x000006e4   Code   RO         3584    i.usmart_sys_cmd_exe  usmart.o
    0x08002a1c   0x08002a1c   0x00000004   Code   RO         3585    i.write_addr        usmart.o
    0x08002a20   0x08002a20   0x000005f0   Data   RO         3469    .constdata          fonts.o
    0x08003010   0x08003010   0x00000028   Data   RO         3675    .constdata          c_w.l(_printf_hex_int.o)
    0x08003038   0x08003038   0x00000011   Data   RO         3710    .constdata          c_w.l(__printf_flags_ss_wp.o)
    0x08003049   0x08003049   0x00000003   PAD
    0x0800304c   0x0800304c   0x00000078   Data   RO         3558    .conststring        usmart_config.o
    0x080030c4   0x080030c4   0x00000028   Data   RO         3586    .conststring        usmart.o
    0x080030ec   0x080030ec   0x00000020   Data   RO         3888    Region$$Table       anon$$obj.o


    Execution Region RW_IRAM1 (Exec base: 0x20000000, Load base: 0x0800310c, Size: 0x00000898, Max: 0x00010000, ABSOLUTE, COMPRESSED[0x0000006c])

    Exec Addr    Load Addr    Size         Type   Attr      Idx    E Section Name        Object

    0x20000000   COMPRESSED   0x00000014   Data   RW          197    .data               system_stm32f10x.o
    0x20000014   COMPRESSED   0x00000014   Data   RW         1868    .data               stm32f10x_rcc.o
    0x20000028   COMPRESSED   0x00000006   Data   RW         3243    .data               usart.o
    0x2000002e   COMPRESSED   0x00000004   Data   RW         3310    .data               delay.o
    0x20000032   COMPRESSED   0x00000002   PAD
    0x20000034   COMPRESSED   0x0000000c   Data   RW         3349    .data               bsp_lcd_ili9341.o
    0x20000040   COMPRESSED   0x00000008   Data   RW         3470    .data               fonts.o
    0x20000048   COMPRESSED   0x0000010c   Data   RW         3559    .data               usmart_config.o
    0x20000154   COMPRESSED   0x0000001c   Data   RW         3587    .data               usmart.o
    0x20000170        -       0x000000c8   Zero   RW         3242    .bss                usart.o
    0x20000238        -       0x00000060   Zero   RW         3766    .bss                c_w.l(libspace.o)
    0x20000298        -       0x00000200   Zero   RW          239    HEAP                startup_stm32f10x_hd.o
    0x20000498        -       0x00000400   Zero   RW          238    STACK               startup_stm32f10x_hd.o


==============================================================================

Image component sizes


      Code (inc. data)   RO Data    RW Data    ZI Data      Debug   Object Name

      1672         38          0         12          0      10896   bsp_lcd_ili9341.o
         0          0          0          0          0         32   core_cm3.o
       144         22          0          4          0       1128   delay.o
         0          0       1520          8          0        896   fonts.o
       204         30          0          0          0      56203   main.o
       152         12          0          0          0     206122   misc.o
        64         26        304          0       1536        804   startup_stm32f10x_hd.o
       282          6          0          0          0       1677   stm32f10x_fsmc.o
       286          0          0          0          0       2848   stm32f10x_gpio.o
        26          0          0          0          0       3510   stm32f10x_it.o
       308         38          0         20          0       4754   stm32f10x_rcc.o
       284         42          0          0          0       5832   stm32f10x_tim.o
       408          6          0          0          0       4730   stm32f10x_usart.o
       328         28          0         20          0       1977   system_stm32f10x.o
       328         26          0          6        200       3992   usart.o
      3166       1330         40         28          0       7274   usmart.o
         0          0        120        268          0       1528   usmart_config.o
      1328         20          0          0          0       8193   usmart_str.o

    ----------------------------------------------------------------------
      9002       1624       2016        368       1736     322396   Object Totals
         0          0         32          0          0          0   (incl. Generated)
        22          0          0          2          0          0   (incl. Padding)

    ----------------------------------------------------------------------

      Code (inc. data)   RO Data    RW Data    ZI Data      Debug   Library Member Name

        90          0          0          0          0          0   __dczerorl2.o
         8          0          0          0          0         68   __main.o
       392          4         17          0          0         92   __printf_flags_ss_wp.o
        14          0          0          0          0         68   __printf_wp.o
         0          0          0          0          0          0   __rtentry.o
        12          0          0          0          0          0   __rtentry2.o
         6          0          0          0          0          0   __rtentry4.o
        52          8          0          0          0          0   __scatter.o
        28          0          0          0          0          0   __scatter_zi.o
         6          0          0          0          0          0   _printf_c.o
        44          0          0          0          0        108   _printf_char.o
        48          6          0          0          0         96   _printf_char_common.o
        36          4          0          0          0         80   _printf_char_file.o
         6          0          0          0          0          0   _printf_d.o
       120         16          0          0          0         92   _printf_dec.o
        88          4         40          0          0         88   _printf_hex_int.o
       178          0          0          0          0         88   _printf_intcommon.o
        78          0          0          0          0        108   _printf_pad.o
         0          0          0          0          0          0   _printf_percent.o
         4          0          0          0          0          0   _printf_percent_end.o
         6          0          0          0          0          0   _printf_s.o
        82          0          0          0          0         80   _printf_str.o
         6          0          0          0          0          0   _printf_u.o
         6          0          0          0          0          0   _printf_x.o
        18          0          0          0          0         80   exit.o
         8          0          0          0          0         68   ferror.o
         6          0          0          0          0        152   heapauxi.o
         2          0          0          0          0          0   libinit.o
         2          0          0          0          0          0   libinit2.o
         2          0          0          0          0          0   libshutdown.o
         2          0          0          0          0          0   libshutdown2.o
         8          4          0          0         96         68   libspace.o
        24          4          0          0          0         84   noretval__2printf.o
         2          0          0          0          0          0   rtexit.o
        10          0          0          0          0          0   rtexit2.o
        74          0          0          0          0         80   sys_stackheap_outer.o
         2          0          0          0          0         68   use_no_semi.o
         2          0          0          0          0         68   use_no_semi_2.o

    ----------------------------------------------------------------------
      1478         50         60          0         96       1636   Library Totals
         6          0          3          0          0          0   (incl. Padding)

    ----------------------------------------------------------------------

      Code (inc. data)   RO Data    RW Data    ZI Data      Debug   Library Name

      1472         50         57          0         96       1636   c_w.l

    ----------------------------------------------------------------------
      1478         50         60          0         96       1636   Library Totals

    ----------------------------------------------------------------------

==============================================================================


      Code (inc. data)   RO Data    RW Data    ZI Data      Debug   

     10480       1674       2076        368       1832     319296   Grand Totals
     10480       1674       2076        108       1832     319296   ELF Image Totals (compressed)
     10480       1674       2076        108          0          0   ROM Totals

==============================================================================

    Total RO  Size (Code + RO Data)                12556 (  12.26kB)
    Total RW  Size (RW Data + ZI Data)              2200 (   2.15kB)
    Total ROM Size (Code + RO Data + RW Data)      12664 (  12.37kB)

==============================================================================

